0.8997726899550667
0.670693070429048
0.7863429411602105
0.6419144056236443
0.8815443024036747
0.697072362417778
0.7064923431080162
0.6638203484969966
0.5472021026580961
0.7905279532541749
0.6019060409092334
0.5716477203354693
0.5896402036662962
0.6278255431997327
0.5663335618125066
0.8498506890256132
0.6680057999555105
0.4382089526061588
0.25495084797183193
0.5022961479384669
0.6424588812330977
0.40683658094118264
0.6598081643677842
0.7104598960444727
0.3881818338195254
0.5610346435546317
0.6520677026844984
0.45545951647548294
0.5746571914033423
0.47064737643662974
0.34033100530688626
0.37621122485052333
0.5727608591732678
0.5785929682259957
0.44639838328811987
0.5838011755218492
0.5552499547698044
0.41469560296692276
0.3358224470801976
0.44644771512221937
0.4790563718968592
0.4701922501290913
0.49714019326442144
0.6810103056064507
0.528112373244481
0.4276679044205087
0.5460579015814556
0.6243058467250291
0.5327794594293144
0.5720407470644645
0.2950186621072774
0.6161084446507578
0.36121796988450716
0.7150947861030912
0.4409850613476687
0.35549488107623506
0.5579300386105299
0.4313753905085548
0.4119538007081906
0.44655806989226576
0.48390476488565104
0.39769681467806095
0.5189358946694973
0.5893768055657688
0.5951274070924434
0.6076973782532011
0.2910336324691033
0.3772954664695871
0.5199041779699914
0.42781016740668176
0.27112540589183803
0.44479016963113277
0.2624462347863316
0.38285940835195087
0.4833391138845943
0.34404617370629
0.43363991798711715
0.33164299636545175
0.3473648214798059
0.1809404377777732
0.26330537485195765
0.27585753304075
0.5865884594857588
0.23922149017468963
0.29656221528306087
0.30541442077937614
0.5550097810961715
0.4333766807901206
0.4098091843168733
0.3627377401549821
0.44376220157818047
0.5237718391517429
0.5046141211219956
0.37873459971789963
0.4195729207745421
0.30927806620416143
0.26235888330601786
0.5211873514781565
0.48248935050784336
0.4226951659087663
0.22502286463648263
0.33218762310771843
0.41651102209302826
0.46615490146564625
0.2576995968108457
0.3056448091354883
0.6059778285839791
0.4205877464352502
0.3107365820509978
0.4196697377281261
0.36986321947026773
0.43742305066873044
0.3005128110652945
0.43264434459763573
0.39780779854801374
0.21851488434683186
0.5139091230062292
0.38246875969040756
0.35545648109214734
0.11845481422210777
0.4369394274648772
0.3749183715350215
0.2708374645202424
0.43451359037372583
0.37319926137156234
0.482310178154077
0.4682700838349871
0.5351758725860487
0.4032850382883163
0.3554645172706402
0.4217171961457146
0.30011330397916997
0.5760487306687707
0.1560222407502013
0.4664438300064006
0.31626695071004834
0.4012605863994011
0.5215483837624105
0.413083727220574
0.42311033713761104
0.37003421294048155
0.4606709440274974
0.2279114725947351
0.3250511851494381
0.38890362996279554
0.21803382925509368
0.37240472452325346
0.3997487010124874
0.39597173501127425
0.47576580867971885
0.21560963416629203
0.4612704945389538
0.3173501161854098
0.6103587269251765
0.21105013839204995
0.7069915565499492
0.5559002042564776
0.22366663621034713
0.3472755504376425
0.36629303884861086
0.28207981304230706
0.4861703436443984
0.24471564255763187
0.29445124562875113
0.3929425584881419
0.2960315855323411
0.3501960807385037
0.5347223974872384
0.5639706661539047
0.3173138066238684
0.36077441671566113
0.32178807541506266
0.1940939451779799
0.327372334936935
0.43074389473780383
0.41929566279289404
0.36537734640232467
0.445355970102046
0.2776467884856103
0.43069984784526855
0.412722885348054
0.30228164941420516
0.1954915005770249
0.2983641686939925
0.29354472308396307
0.3080351209797117
0.4243346670594799
0.25772254736973016
0.4602363840015383
0.4593894132771615
0.2584815297638327
0.1140349997536346
0.39096467862761414
0.3986330261532963
0.4564805788101823
0.21190840807299374
0.3021730055177822
0.4838765054674064
0.31287547419451417
0.4978467912371342
0.47693577481534366
0.30013554152126043
0.20629197523843854
0.36413575771781853
0.2497793675108982
0.3579184486497829
0.24560441729145205
0.3488014175766618
0.39190322209178435
0.3313279815977693
0.2671238387507584
0.3541935538152696
0.5703270251829872
0.3651232681074868
0.31831500855180206
0.27968908825533306
0.2990505393167405
0.4427790283797887
0.2826958278454477
0.38385673798644715
0.2922987051370772
0.266445915729172
0.22158930274225952
0.3710177957243643
0.4602164866300235
0.4203639364984859
0.4040568363952592
0.3067569436321426
0.3209890035516857
0.14583978693232602
0.4604254235148771
0.35015928589941
0.4772829541967688
0.4238361547350708
0.4747394127441103
0.40142177205716145
0.18035549816663962
0.5960925648727828
0.27061760530499257
0.43911347286993274
0.33707625041289513
0.36990749537900613
0.4200549005057902
0.41806339774395707
0.4468058543325183
0.3421180715384925
0.534196576642249
0.4266571188700433
0.41362878718088225
0.3349881883533069
0.3463318038632351
0.247080289526261
0.42255119773365835
0.49531875058792246
0.5660914721838597
0.48338139242155886
0.4021628619791118
0.3854058526296863
0.5878316737536294
0.3089259785542085
0.4071871981660723
0.3542165329740584
0.2508685354727064
0.2449840175874241
0.14659685699313965
0.20583858265408347
0.45211053472072293
0.16016936319502723
0.23885078265121185
0.3638765358642376
0.4117753951673932
0.46190593161766846
0.44697564598295214
0.43698819045414916
0.34073539939750075
0.2560468436590657
0.4937475517704171
0.3053799637381517
0.20522368192944968
0.4369094927063533
0.31052787146165794
0.4990488140949675
0.2295535761158912
0.4190480222667764
0.24316341885166995
0.4678594802415038
0.2395112552375409
0.334715572661915
0.21557983724673443
0.2015464176382305
0.2884556220602273
0.2932462791114714
0.43728967776422
0.351689066314432
0.39783307076528807
0.3313613013772902
0.3266562040240225
0.32129987744418914
0.396714537808762
0.3343624373588479
0.16930592091574992
0.22513487319672007
0.404759597744789
0.3756652016780743
0.3566774663678126
0.3508535686538772
0.48960950087474747
0.29995191444611474
0.2810554094534976
0.42308188800334234
0.3624060328055134
0.38503465733881226
0.25636447376895827
0.326080786479816
0.28236184427705296
0.46794591677079456
0.32131092372950987
0.312384580283084
0.46624842200523586
0.45069320597455603
0.3051108394980826
0.4589922102851326
0.4157820522941321
0.2998727416871089
0.3345791197287278
0.44262238467532916
0.1806793827877879
0.21087725002823424
0.28408444377027936
0.43084731242093877
0.19401037289009151
0.21860470989713127
0.3356940385490946
0.4136309116578543
0.3382738468913347
0.3212026752098849
0.34738718171393596
0.37945342459626874
0.28273197421755486
0.2967863940963564
0.2805468907501822
0.45840223677219516
0.29333812892949307
0.3329222773727024
0.33528258513680126
0.364917532663304
0.2774934230899205
0.4068934097374843
0.4507924505020292
0.20218465437964758
0.3425156969137479
0.2583388115393726
0.25206680722842967
0.49922781558498047
0.18601157604625568
0.4380387178945475
0.2355733626435593
0.210669017909549
0.5750301530348085
0.4561607706782449
0.28656469890453884
0.31183882909304816
0.23437947020161137
0.33790514962382584
0.3738504387083287
0.2179466461473732
0.33236974901585425
0.33994009942418035
0.2803073201955917
0.3274113704573245
0.46254140783875075
0.21700205901334332
0.19453460906549197
0.29066293638098806
0.20118564358158442
0.35105423545827286
0.33825968986680816
0.5134363993359293
0.313090876606151
0.325475379137597
0.4446980477507417
0.3675871429509135
0.4238994374392539
0.2961943145363781
0.297124837384271
0.29955398030607794
0.20709727464532895
0.3052711173910335
0.2844448677749087
0.3468575892085844
0.2872289548813875
0.44211315821764785
0.30871822577995467
0.4349968354315502
0.2447486024884317
0.23418519525116183
0.3168355619259945
0.37643726503260594
0.43444674325542876
0.316838876050244
0.40156008376666186
0.42737614158934767
0.3984352057153078
0.36472180054313125
0.3227319344871783
0.4704659222411374
0.3740768041208573
0.32569202211538856
0.3702793040079677
0.32249001590598425
0.2710331251118567
0.5108502942238846
0.1970790797834133
0.37169908214197156
0.3581414584652289
0.37839583710575814
0.28259857680683936
0.21220775869274183
0.24016398591145807
0.3699875642076783
0.3270383590582556
0.284170960765579
0.37120963019535025
0.4351010677066724
0.5416410158918055
0.28244975482489576
0.2677867442835304
0.43051282746738434
0.4674034107993343
0.4272299701383228
0.22005715222915273
0.33149716975900734
0.41158141397372294
0.1714981465261498
0.3619519001091745
0.4279877144954772
0.3911936530236784
0.45992659254415785
0.47051518210504717
0.2596689478305385
0.5353608417746709
0.3756373827315441
0.5597480228725553
0.47247981079248874
0.33436579952780454
0.37672404545810834
0.2264093329169959
0.3482570855892022
0.5230377260890493
0.34278193402405155
0.3935284430483052
0.36675005474667755
0.3982856611806436
0.5451854200630347
0.3531467384003742
0.40346390228874085
0.2407376210214629
0.5127097275312293
0.46241949571534224
0.2925099357550881
0.5351446247386126
0.3938606196741989
0.2842935004209585
0.27017897000853414
0.3335320313997064
0.32603903640337445
0.4436355310839598
0.4710541060244814
0.2698928349698327
0.26327729568207336
0.3258879087520377
0.3451372635652838
0.41939678741305225
0.47794219594136444
0.2243833753223617
0.40242589128722345
0.3183118095235138
0.2615825478886988
0.48895512697021354
0.21868299422588428
0.4630189223595604
0.36162670771998523
0.4953608838836452
0.4881646000417975
0.18980947478179416
0.32137030742134776
0.5206185614616434
0.37039579887681456
0.3088412141527527
0.3454433594587634
0.35951932049519025
0.3027435816652629
0.2931606139046213
0.3912823314788021
0.21765624259037208
0.3536475229449752
0.26045822859331824
0.27873644675502873
0.23103243849791824
0.3741261999956941
0.3705626452666664
0.35041796155622584
0.3373750760944176
0.31532645787489966
0.2223691098420689
0.4530910378040132
0.2283460770130516
0.29516718543688775
0.2295375978539455
0.3449675953116335
0.4100604921549541
0.316194449485237
0.3965107578589964
0.3301967824964853
0.32871732703140033
0.37090758064989016
0.36826608191128607
0.2796777927496171
0.4591703250665762
0.4252976037113106
0.2564483956864997
0.44311976752269366
0.26846840381993375
0.34015842198457286
0.3640161572730692
0.5551253951411057
0.5101165012512971
0.3290520141355774
0.32527686544231244
0.4347689779869528
0.2466834802407301
0.4801991486284584
0.22788169629255814
0.30597260897317113
0.39468494003676874
0.38639089179367203
0.45802757078772266
0.3259087075981487
0.21483026722727377
0.1817650185305574
0.36787460763524427
0.3601627799279184
0.34105864272773656
0.49554552232962373
0.31979322726501286
0.4312106899302032
0.19562685059843876
0.22561014008580588
0.22444065700797192
0.1640877115561989
0.23039035503844127
0.2995428189347281
0.3427738823422244
0.308788771109753
0.39103278254696566
0.42805287628083377
0.2970102033427676
0.38529108755922864
0.33389084289228166
0.2409909588250189
0.22284637215752467
0.20279883805599921
0.48826414424079967
0.3752291400430433
0.36689131010261256
0.30905258963249155
0.48403998448384816
0.47574830441438093
0.45426966864575113
0.4635695217280439
0.31631645217866244
0.32599670592667174
0.4152758429062457
0.36273878164382767
0.2516903401511507
0.21316298754066104
0.20929774981917681
0.3118987105902381
0.44018867091656116
0.3624704805660695
0.3825515318254801
0.2633324415982892
0.19955977098876412
0.35883716696927637
0.35699771274739833
0.3333079199786297
0.2148691575086569
0.3502322009565281
0.32509034981924445
0.2678633349609144
0.32490160382993255
0.2715497315236918
0.3279110790097325
0.4013938609340498
0.25038633808888777
0.37261918239676134
0.49054400285921423
0.2584223659800472
0.2855195232986697
0.34289933709407194
0.3305096456294588
0.4505771738661708
0.5054641655676303
0.3076732934715052
0.432247529768172
0.21112496702091713
0.2941790362692138
0.1891539584543339
0.2782770448475679
0.33158202200040054
0.3603096069898245
0.2595831507410579
0.11532445544757157
0.37023309089979867
0.17081948513434106
0.47000419425921774
0.402389069285152
0.30527084504889423
0.12400144882596156
0.2801449038096564
0.33074810816690536
0.436494803405456
0.31725612471607895
0.3122659029143989
0.376021934898423
0.328531256625377
0.3451436014933174
0.30853541435504095
0.36373746194689477
0.38748973133758335
0.40583722848859444
0.3331135532498664
0.20109704860566904
0.36236936717198565
0.2968854760129675
0.3332708067242124
0.2944022411255013
0.35329334167811155
0.37454295947730554
0.2765863152111665
0.20074903225460675
0.21798618076692003
0.3312563120074808
0.2753925051471042
0.3583127266546824
0.18123948884615154
0.35804286074342795
0.3575761087257229
0.3054670096901896
0.407641884225771
0.327135288056558
0.28836098991250714
0.3848483022084428
0.3289498407737155
0.48369617666731274
0.18317552926361338
0.28951421198435834
0.36057101505386496
0.3531435565234945
0.20018703499463242
0.23194106750480184
0.4080960006508981
0.1661902851363329
0.4927725121298175
0.36120336179862655
0.3331771788054635
0.1791717051437029
0.2882904397865408
0.3135316359654673
0.36272780953711714
0.3382502706035566
0.26062266940481627
0.1832551218040587
0.3808271651840535
0.48483235891074666
0.5089807141800651
0.39689499955068586
0.2710146078158006
0.2776595570019984
0.38239946811152586
0.3072164693059049
0.3805675266442486
0.21281736143886537
0.23550520216776447
0.4319082646380119
0.39891702760323444
0.44503637800080326
0.4282095958548595
0.35163710776319246
0.34013479356980286
0.454253173505622
0.3252851992387577
0.215440620598766
0.3504650100620873
0.35099485180104106
0.2808350980885711
0.29695700916180556
0.4298213469677024
0.3030614982996938
0.30951791556278097
0.41778874528066334
0.5088304961992935
0.33818626647034566
0.3610395174850844
0.3562036612055049
0.4126360412246398
0.3594304816836639
0.4991394233452458
0.27009175601401253
0.281889034175887
0.27001160815967684
0.3043297711655544
0.44126887694575484
0.42270447309268705
0.2623155120595063
0.36681435974784016
0.4023041646466009
0.2785781386380731
0.23823714576660712
0.27339558212996945
0.31828902451364854
0.34774169829677487
0.311711786037695
0.4200352245503896
0.35027945154722695
0.2750641919940837
0.3701040769818612
0.3562700677189284
0.27474630337949957
0.35018477571305684
0.32885418998167215
0.23024424672474347
0.26067369703354376
0.147383700636407
0.4465465907012445
0.28541973832446565
0.31586327145561743
0.5166808872764015
0.31088193058027497
0.48013003760494816
0.3449920930821129
0.3004873383449238
0.16261327186334634
0.4149699227265346
0.29257671400666646
0.316034971824737
0.47646942666508973
0.4319450559760677
0.325943386536608
0.4460484764417309
0.24886406892232218
0.525916381502576
0.30183093263292127
0.22620775612878807
0.517759763709621
0.2551247533447809
0.28793361499107806
0.27010252569884635
0.2658150510498841
0.3636404257920939
0.2071611755533546
0.3152446836982338
0.28935527839134423
0.23464018987902796
0.31660970955315476
0.2938892085159025
0.30523574909268103
0.17007690678962273
0.2689634661051534
0.24242290990197332
0.36913363399508214
0.27335127559532396
0.2488762597515163
0.3644178764415403
0.2836327991280797
0.295892369037544
0.4254185888156855
0.24715403149491544
0.3132389183075833
0.33658143540666247
0.3589351507002605
0.27631868082998484
0.47358199455996675
0.44136119382192185
0.38297916021108097
0.14619671739331738
0.2939940647805924
0.28632277281048735
0.3192114137416905
0.37603389920338437
0.34137648542331755
0.329468320237223
0.34837549424265934
0.28574537104176256
0.32680881498773307
0.3852659310540699
0.188569756770589
0.4206857559145833
0.24104638019396032
0.2959376916296206
0.39930581369759377
0.3410353962653538
0.20234276125864348
0.30697700740346484
0.21607096020605096
0.22857599655295435
0.2792827252875333
0.28852130439588797
0.3987087559790428
0.4796555377320213
0.37423605005809824
0.2541600172936369
0.42438968844380065
0.5101437391350239
0.38039567861284423
0.28217995308302496
0.21282048063373443
0.5621438270003349
0.3064958388249048
0.2707884409909377
0.21274582364304662
0.21876101893413152
0.547724900796686
0.3012699270026612
0.2886237203724501
0.4002521648539731
0.3009001854593053
0.5119750561639281
0.24288142955793096
0.3157004766835211
0.20925798695694403
0.3544128142771429
0.22949759268837147
0.37682527896185813
0.2268553586632986
0.3319682816781788
0.30492742983362076
0.27759670111064566
0.4086724010254832
0.28789905468440125
0.46484881650134247
0.4328898017531043
0.35938708728090296
0.4128483259790256
0.35553985999632737
0.31618624500833475
0.27044614843739156
0.20850190336268684
0.43231661159838747
0.4608723784547829
0.4609926360982528
0.40344905507708245
0.4444567657675842
0.4272173851785654
0.1666775359885538
0.446371408408235
0.36653237111513476
0.33126052327049804
0.26220635625054356
0.3153330630786257
0.2730733743841528
0.343474515200103
0.48706150370821344
0.3224551423382452
0.36862971305336273
0.2258806567656463
0.38061185322197166
0.31525397772085934
0.2378760483586977
0.31514335882991695
0.38564928404087373
0.4344295888663046
0.5188472386293091
0.3663024713697014
0.39024986151852387
0.34677606078272805
0.20108116215051502
0.29850194741904434
0.34995855724331776
0.31679431917207423
0.36108725504094363
0.3229636932281238
0.3976441865099932
0.4840941205692312
0.2186084081997648
0.3957626851078807
0.2863425260827808
0.4061230628973244
0.2947037356498103
0.49969413808846036
0.4548241672925711
0.35277694807173215
0.3228158117570439
0.3567177467040003
0.35488770950529214
0.21780618812042984
0.4595007580218292
0.4150494087224802
0.2036084717834866
0.22583352378384342
0.28951796736926666
0.24872588120157468
0.3938700237797307
0.2690394266142383
0.33166361852289306
0.2890015215043853
0.4178893161310667
0.2705170112997852
0.2834377070173981
0.3209699998632729
0.4150897975543371
0.24731295829298144
0.5150089265195423
0.31848591087498146
0.306170195560677
0.3462073970334872
0.48249510419687525
0.48823552346849375
0.4045869769078497
0.40405374301912744
0.1727153797652452
0.3266262107314425
0.38627822951746793
0.33828378615328214
0.38287077164005706
0.38678954356227335
0.2827647299169975
0.27997450423033415
0.4551136726842519
0.3427718639937402
0.3038489496064492
0.2223633144235962
0.3302871735486879
0.3447741347890119
0.32691527460532316
0.37367127990879495
0.2796870793104973
0.2503655378961819
0.3353775199205886
0.4827405963743631
0.3992406637614371
0.3490541733638691
0.43724518441426075
0.34155388787354907
0.3561639642464069
0.2883724587363277
0.5193757581876519
0.45303576399741186
0.3650614961467201
0.36094992964716444
0.37665423176772467
0.2502668452406568
0.3009330934661588
0.47223532037117344
0.44657966370695334
0.20152733536194392
0.4429867822005022
0.299181652036117
0.5180275094452338
0.4080199855008555
0.40570632180700084
0.17564431559645147
0.33851755447761495
0.26260245936491866
0.37426852046838455
0.332202044090008
0.30780563571886244
0.27840194465436274
0.20499630285937886
0.21213902070216747
0.3367869138266074
0.5327052872116653
0.36631244304442356
0.2905655698423856
0.4575815178509913
0.282980755885666
0.354843654479192
0.27193131886974625
0.5234720662893203
0.33391556644766107
0.5253052895557472
0.3789010887773464
0.39566518535323225
0.4616306455466138
0.4310835183488167
0.2938398597633477
0.2849876279452475
0.3424664317556524
0.5159993360124189
0.40575465942919486
0.3590308015188262
0.4240546570726833
0.33439912233672836
0.39047071911158354
0.2681149843982452
0.23311603376602008
0.33260745416355036
0.29792242227716026
0.3881088450017615
0.28028049687173706
0.2463259544021686
0.28455758835433737
0.31948666310766677
0.37497234492473236
0.410462267904634
0.36348016192039856
0.3316854676365457
0.3951845826784569
0.2857086122296483
0.43861848423386923
0.2815736464752313
0.4750820472841471
0.39878089794229277
0.28939669836250137
0.4033565489236654
0.41767026495293785
0.2756451386394992
0.33044221290440756
0.3259893057990537
0.5075574918291523
0.35231100082477573
0.33481753534242087
0.1505499107047679
0.27820931108247027
0.3500220820025983
0.2706444657747265
0.38540257124214655
0.2304676059280292
0.2638409291125047
0.5107501228136573
0.35142953434058805
0.29086078986724717
0.5147952496025836
0.5201354585302831
0.38048625241146183
0.2667649877682799
0.3453134265319776
0.26032370564174645
0.30442442782902496
0.37980094813048754
0.27529384255205314
0.2682217123313468
0.31499425503278394
0.3055205652427412
0.25433647988908936
0.26304239909440336
0.3488115017579808
0.29882077718862565
0.17495490153034549
0.39975447520527724
0.35566748659732267
0.4692675641347894
0.24089462592226063
0.44613580929991203
0.3391611627155783
0.28134534678167145
0.31337418096098557
0.4621152926627511
0.33671435441489
0.5040456772019255
0.14557783816385966
0.20009722484415665
0.4353391304619224
0.2340083947664441
0.47499993732849666
0.4151020852279378
0.3718693569362761
0.40663703663564876
0.2742815952513112
0.5201042563745032
0.3114822192919776
0.32508311613211216
0.385853354968904
0.3001098160493604
0.3428184329597351
0.4093196942152705
0.47499563787285526
0.1596813630922047
0.3971313836007982
0.4143410090082339
0.38393311891063503
0.4849600601047327
0.43383686385750303
0.3318042772381721
0.31710558766655955
0.30216351976826794
0.31866787515433087
0.38970399920321325
0.4587621895374209
0.3438852328346375
0.43210105810531985
0.4112057472947434
0.26339017347975685
0.349280031132489
0.37676243085351857
0.3030881431509735
0.30107826001076887
0.3594255764294466
0.2502873180483381
0.2117197396197029
0.4584339770792855
0.5953454586578628
0.3867128361549257
0.5027260266196312
0.3121461738724564
0.32252852675173854
0.23192264819056932
0.24783826452328425
0.3021773109827233
0.41943654704590044
0.3524420422073562
0.5106146628900039
0.27017369816356024
0.26446771788432777
0.29246540561672923
0.2992495059297516
0.21276979094871015
0.27507800827073503
0.44897719760999244
0.40491510362065963
0.42007802151314816
0.3027506133847459
0.38442978779757614
0.39841255912043366
0.3498551842420798
0.40500812792032603
0.45644933671220855
0.47857399824759483
0.3542930741328473
0.4621808616175457
0.29013742970249323
0.19929903129123014
0.40489966185001947
0.4074317391873047
0.4082096318768692
0.349929528792534
0.4592030072796254
0.33577642220376214
0.49085586625225447
0.3645909284591025
0.315125140974715
0.3804704826000218
0.3927959709892411
0.45286217552878494
0.4415172940324001
0.5210926291874445
0.3430221719275066
0.4280298890414132
0.33832581947657625
0.44152605344509455
0.22911016172574872
0.23965596256737576
0.2666407675185039
0.16074638971126082
0.27773053244234347
0.46405406976150243
0.26235373830125003
0.36743898079905785
0.4380253306200503
0.38018732731086813
0.28994747667211856
0.5261605295882082
0.3215170290078679
0.31066764182046397
0.5190485108581047
0.27526245531424764
0.3780235825914546
0.3561597697252957
0.4916770290879386
0.5493652220712208
0.37509922312109234
0.31078586005938214
0.3330675422796806
0.303454041032911
0.4946899890069717
0.33839642097556927
0.35952831228851123
0.32834193067463646
0.4346874002008672
0.38036707496195976
0.3004193502062436
0.3203713644901705
0.37575332022711905
0.4155472738420961
0.40332137023609305
0.3325455159906657
0.4512653052919526
0.3913853925652318
0.4959820800501034
0.30405468315492234
0.2987595755484299
0.3449370043221278
0.27933871472521676
0.2680899747683553
0.4371418212695558
0.3290494656118773
0.3046821909322861
0.3233660026937882
0.6002525724564866
0.3033006801052899
0.32634416339962025
0.3708827330998371
0.4417391557536057
0.49048458305932874
0.3559021873885769
0.3334731555613276
0.5465575225325245
0.23966316031067114
0.4319263632823331
0.5150952605352483
0.4083295997397814
0.32399300626228
0.2968697759259942
0.4307571708461406
0.2204266882417647
0.25389279260313735
0.3642651721673407
0.33391552645130346
0.3103245246431975
0.32424763343823043
0.14513608140383805
0.26015908950889316
0.23413038900405878
0.33340728882656884
0.2511690276516434
0.4244548061371557
0.28252148671449095
0.3552392467435767
0.33677541418688894
0.33750079306838615
0.3903482372847485
0.3207334155917093
0.4776192629775406
0.2798160901443697
0.35492325093626037
0.39997698439095364
0.4028819023764575
0.425844194209131
0.3352982743951102
0.19012980046804678
0.2952364067034583
0.2927960632262659
0.3258807976406124
0.39771682168442485
0.4165563933058546
0.4434327694890966
0.4086248910952123
0.4505548982651799
0.3361647527801398
0.3859832700210243
0.25597061249657543
0.3956673645678846
0.2729316418903035
0.37482663869547234
0.3868924243121626
0.2547468763969536
0.30142767196245274
0.23719956138837922
0.4100057331502903
0.23280950904373565
0.4744274421458222
0.355221026461256
0.5042363380594727
0.3594593859595546
0.3839345598422298
0.34262971265944164
0.23457910651403563
0.372450729714931
0.2894389039291697
0.3711986922582688
0.30270854404697517
0.21328397336499078
0.3475084127464242
0.2154371451803184
0.30472994542117504
0.32521422603042793
0.350461343825193
0.3100534224298752
0.3116384109859567
0.3729430555553067
0.28860126031981603
0.30048646289501557
0.2783434885267017
0.2959461676707912
0.48091164888304033
0.325872078413063
0.469522306239084
0.40130185441841915
0.2964259629961337
0.41653265811719065
0.433913499421021
0.3348746491190308
0.39336290903819254
0.45147165802724476
0.29580250200238417
0.34328160430548416
0.44133778046476363
0.365349694815427
0.38226758607877714
0.41299650260853527
0.36310841549390005
0.20041489556930614
0.44669530423697446
0.3332065525094635
0.38345885235574767
0.3651318411945229
0.33324584448523337
0.23775124298660497
0.31239094255244815
0.4254404774363212
0.29148997964842066
0.3990047752126471
0.43591224700138353
0.3426931071716906
0.3389001431747994
0.3669394455559293
0.3224614731865381
0.5325646808175393
0.3897958119143496
0.4264374184086517
0.3928284856323211
0.38103186941079314
0.2474580243815782
0.18865873405480343
0.4213700666018008
0.2909098186793069
0.2524769236321438
0.30035042128286144
0.42315943597840067
0.5042185159650431
0.42236874893402376
0.28067604227959625
0.22512550418743277
0.34981958530746105
0.4319587754784567
0.2655373723450096
0.36589088886455406
0.25833062580179506
0.3259226970537143
0.3905415076802269
0.3897264670206213
0.3709511502614
0.3637953366102001
0.3098116700127874
0.4476864285064037
0.5161584866727792
0.4745447722827115
0.49654819065708483
0.36386314201102016
0.33056809999157466
0.3027284155938452
0.38161227847643464
0.3019464735079772
0.3424914154805208
0.2901053576166602
0.4277819816299514
0.29728246065715064
0.4785168826204247
0.4668305860106282
0.390843477741917
0.336293428462788
0.2798579352737486
0.4173815827122957
0.35729045592103004
0.3556951490769997
0.35709687613523633
0.3633870584812665
0.42497313724590224
0.44599500116103297
0.27195393315605965
0.38391484880180954
0.4183415318420563
0.3173700688677517
0.3962241354543726
0.19008051988714714
0.4310362252236959
0.4257953194203877
0.4661084129555966
0.3488585672184422
0.34069712666314855
0.46708899122462605
0.29669110698419443
0.4674949532570961
0.44264376225941177
0.3447196085894831
0.3537304300094384
0.5785449065056113
0.38459100365167126
0.32945309761195457
0.36843637394882445
0.39966724126563735
0.4355932786585995
0.31276277852154244
0.5421911706355971
0.31808916755911837
0.3538161769486505
0.3998969077890602
0.31222333834574034
0.4004487964620784
0.3913920257447417
0.23222327743085044
0.2931785928760139
0.48143025794451333
0.42726868377051
0.37187083600399035
0.4188828008751607
0.363516825251651
0.33685568360559326
0.26961067820002327
0.256443714553779
0.3058026159205167
0.31969965268064193
0.2987034394014164
0.45307313860437715
0.46864495006747153
0.39939314748152566
0.2334786723011868
0.32017861583701424
0.3576801491987752
0.4213628373267032
0.4781149260073875
0.36875435519956584
0.3692599285175041
0.3005778940133587
0.3825681862212451
0.39980244752759364
0.48640582764252116
0.35879574644892614
0.29855660745007206
0.29400325376562064
0.39119623457800035
0.24923795647590374
0.42344182916785433
0.3384815981204241
0.2838479907863941
0.18294436899169625
0.423363615679982
0.3691503278407277
0.44316891364610606
0.34557981254496484
0.3256196945487422
0.304939489128548
0.16061358775764734
0.2620500213316212
0.2751846055041657
0.381347896537806
0.4977971135556759
0.29741636310639874
0.3675707423699386
0.388579748812753
0.28551014103390215
0.3793223655885821
0.32514142342968627
0.36304070728875554
0.3482122656109633
0.4686293503699108
0.3460597975964458
0.41481985296029456
0.3775209134083451
0.4089357298213404
0.45831963859016867
0.2381805900652875
0.38595425671048955
0.458728279850825
0.3604525174370395
0.3120771230411118
0.18259639856042573
0.34993234572113857
0.33457361530033325
0.3066998884290343
0.44173622764023185
0.2355337517557214
0.41053138802749417
0.3948555099409446
0.2951886559075299
0.5187703410040949
0.3968624639384449
0.5218617482679807
0.3390946006927499
0.3723005441364092
0.29577609457934695
0.37410064020997763
0.35823837779986434
0.38113989925617864
0.45484286345746117
0.46266002056897826
0.35371280695922025
0.33169333527535966
0.26560126615251617
0.2286415116683854
0.19746272367396983
0.25601176662496244
0.5546629186365827
0.3647724211773092
0.4335425769626803
0.2804773801615944
0.48707759144955015
0.22048733794435055
0.23670667626741754
0.26874210965792944
0.40202508508913437
0.41184563732568324
0.2756552112735279
0.20168909341033497
0.33609964635112327
0.2878994507893605
0.4158890662091984
0.296320639359147
0.22413731932398662
0.330414410165357
0.3559544006325309
0.2782118288115698
0.27715332683012417
0.3193618674854407
0.4175963550328743
0.30328979988622046
0.43699996435613586
0.2752906116738998
0.28229656048511176
0.35416238919535276
0.32091791608162534
0.45045057301668123
0.47335967133673923
0.3609555358137637
0.31901303280011833
0.40245874440118323
0.46403035924787595
0.29949750763351257
0.36239898764913586
0.3271925927138425
0.3285748286733131
0.3599002371467436
0.582466245436732
0.413365578145104
0.2557564817834111
0.4089554105944474
0.299209483169682
0.44468565196688487
0.2172545843202041
0.52008931712845
0.4266010541665944
0.4422389966796329
0.30582955460968053
0.31551925557122407
0.39291459283134567
0.25886800796457415
0.29130123951865655
0.3449451802284174
0.4187092435983179
0.34224840436088144
0.23291948787384448
0.324873615800766
0.32519224697140836
0.44079615797602745
0.33804893504107925
0.3605389005053617
0.37604754781795957
0.38205071864280116
0.2458970100942898
0.48109772042366206
0.21107532552002622
0.44095303930469376
0.25674868548385904
0.2500973704109409
0.3059295877225077
0.3285167195676679
0.38362512610865185
0.4023893745302514
0.48509642092696925
0.34923972057593333
0.3134737737896197
0.29188806078546736
0.2942356800416258
0.5623802878296031
0.26158108807855107
0.2499662684084528
0.26855545599263025
0.3486323428607723
0.4804604901075014
0.18292677090256132
0.37363878891903435
0.534918294322109
0.31583430845389604
0.4392973285283013
0.49128890726185637
0.41823951655626807
0.4009287577135887
0.3239539576342404
0.2954477703721463
0.34541608754816167
0.3430193577179059
0.35102451719540834
0.3835800537167041
0.321167434340884
0.3161150974945116
0.3174034260550396
0.38400818805113074
0.347377434060929
0.28646115229585933
0.34189490789578697
0.24725284207263823
0.23410284001212958
0.4273590817914542
0.31587959251107633
0.4085486999382718
0.45909961856090503
0.4093277857733848
0.56958988730867
0.2965579576410632
0.40835851099917664
0.2935938573766602
0.18311659731635005
0.3203498785044765
0.37822640284466974
0.3682199245309895
0.395365783406657
0.2714434599653577
0.4645965817148413
0.3942412816095319
0.34293222396947154
0.2854304190117297
0.3147053252681711
0.5345188508352182
0.3190904812435144
0.29896694691706205
0.3545533553145022
0.294782616028647
0.4348414038392313
0.43514810503953266
0.2878136368476197
0.41199851992308645
0.3352586590777466
0.42108524814439363
0.3847563374252601
0.3979198558518925
0.3383816450105681
0.23058631377379796
0.6045966794635802
0.3316960367487032
0.3135844522915141
0.4328995126414208
0.3656897929252314
0.2452419399086209
0.2933616613947914
0.39656426630835073
0.2621744011090771
0.47346994372782936
0.3258645729991028
0.35913337769688103
0.4025649656147025
0.33814299111230717
0.3720747701900816
0.4544112917174453
0.43008103403554265
0.3131827874640947
0.2866505567186978
0.20733279826770415
0.20648495053666113
0.3341025532376158
0.36196690514559443
0.3559176787395544
0.3091515360362307
0.3638894192464055
0.39017385987576075
0.44713947550453026
0.32542585809388525
0.36692677999596196
0.24346074561091008
0.3237811814814765
0.39914617309599415
0.3303294761479575
0.37725090814772316
0.37218957483424014
0.3638077111851777
0.31921904821586106
0.23243841237578153
0.4459429736077004
0.3873175639832237
0.37448237234806214
0.381797810116365
0.40162727712899005
0.3986657703896749
0.43132823734714687
0.44246689677013684
0.3393219468021922
0.4218653306746588
0.32417561882949414
0.34982583482882784
0.2244512727789954
0.31891080472423927
0.35915771175915695
0.21611853218314447
0.2063625694733718
0.14712597652558831
0.24107433224262254
0.34637931352036244
0.43119414220577995
0.42448954461944516
0.35271348657014606
0.45870660710954336
0.4526520482654184
0.27986987077782316
0.2576091140071032
0.2651209095407041
0.40576448969530343
0.16307451633689532
0.26932499007475874
0.42112360432059354
0.3647856417469136
0.2954592636752412
0.4085695446975789
0.26143523700896687
0.3772671812565743
0.35790118639361646
0.23538451231628513
0.13369055510973676
0.2992496547531603
0.40090985299663584
0.42165414370287746
0.3705698722529992
0.4591766854540681
0.5200657984277669
0.5219303589070686
0.36882845568064593
0.3753217133221888
0.5194862705174147
0.36355473907721114
0.31777871580529843
0.41206824048834817
0.3396961049182832
0.28086335162159287
0.2601663038312433
0.3763574001920245
0.27369457143410225
0.4942227335502801
0.3672593070894933
0.4466716924182917
0.2700520308831275
0.28483987178956305
0.30261367131780637
0.5147012638974189
0.24307583876572875
0.31896053084126785
0.38579106500099786
0.4488119244901928
0.2712098121469851
0.4121799582575461
0.4260670400487793
0.4561275665653886
0.38292542468046575
0.3381706056792868
0.3452142536698813
0.3805903871809956
0.4722074383446813
0.43078312698206034
0.41562142943351466
0.3534681097338136
0.4649584815284614
0.3180747039213757
0.49348048250654486
0.3258116523588649
0.4815940985575263
0.44432341763217
0.2848108961024973
