0.8939567677116929
0.8798862992572355
0.8967381012227907
0.8827818969393867
0.9068693473145031
0.8873932843003782
0.888081682889964
0.9023890910300547
0.894520047001912
0.893213735432943
0.9006765454932042
0.8971067880681313
0.9016501243431317
0.9014857482126342
0.9001593512713317
0.8848142813786517
0.8985918348503976
0.8932051836693324
0.8874129422295806
0.8935192982971507
0.8878802114116245
0.8952052064531765
0.8895765714750361
0.8916862603190809
0.8923977619969305
0.9008853106396367
0.8930892325304141
0.8911364897354476
0.8952417917971447
0.8851934180605783
0.8941140984220818
0.9033610926795552
0.8956869948287446
0.9005098399827766
0.9020933022365428
0.8982786073712397
0.8922256691583149
0.8960721958165344
0.8935102908017282
0.8995209616531243
0.8906437864238379
0.8854581692538069
0.8825797756203257
0.8984244456637864
0.8961588775498253
0.8906560906296033
0.889677619617563
0.8884267335559531
0.8912991621735745
0.8938796147956353
0.8946000963184384
0.8998994956385943
0.8911718381289966
0.8947341971646819
0.8896706108883518
0.9012746162499262
0.8960930765904352
0.8758148018004446
0.894264255055653
0.8921665513940009
0.8882285210324721
0.8951662982448628
0.8906819861921379
0.8904015286465702
0.9019337563656968
0.892136407663175
0.8863625734104202
0.8960350763836894
0.8942811173528067
0.8803455621335905
0.8940988499537468
0.8951552734773639
0.8974712771301082
0.8935376829186508
0.8857241242021395
0.8892195105071605
0.8946202043609898
0.8966963600736001
0.8926736554968102
0.8913544078533633
0.889046187475997
0.8918274318036653
0.8940049698517498
0.8914430717769184
0.8967292477400097
0.8801117585538025
0.8962665775041497
0.8827505171812302
0.8885994246679498
0.8916454349919603
0.8885521423837905
0.8872586973421382
0.8921618904998148
0.8977086196557238
0.886945882232013
0.8953033571297502
0.894574484783285
0.8844868283844969
0.8793101586756118
0.8836582632609155
0.8982985757773992
0.8838226680515907
0.8956814378429744
0.8904199744054443
0.880257814763674
0.8884141965788462
0.887048375607776
0.895154508560138
0.9010365601819306
0.8970907681173316
0.8923619066824837
0.8879926471105823
0.8911182284309028
0.9001993508161596
0.8860503016364456
0.8902166603886592
0.8963729788756215
0.8976655398272815
0.8979805595053796
0.8818580628845281
0.8880717236660287
0.8899322009577869
0.8983536691193933
0.8910868118342716
0.8858052077679336
0.8846649163421526
0.8843895186284552
0.8964463268749971
0.9031080583728969
0.9020065963202907
0.8900681410362017
0.897900560149728
0.8928989527182315
0.8895537848345031
0.8908322455882896
0.8956598480884954
0.8918417891468253
0.8889016519211284
0.8852840094835367
0.8936944180865527
0.8958421196006373
0.888078899626761
0.877086487440043
0.8867122804241333
0.8927700123927436
0.8848503751396326
0.9012545540998402
0.8862814637749636
0.8944515839120075
0.8843297554808958
0.8886197892215547
0.8923307001727647
0.8882155594703358
0.8856518933765655
0.8867305562878631
0.8939351716823092
0.895283085845745
0.8941700503588134
0.8964711660699798
0.8995247624023115
0.8869639245225551
0.8809842680932347
0.8864818778161305
0.899607047144546
0.9004749031971752
0.8878285904692362
0.8909919332322993
0.8858959922536662
0.8781589489539152
0.8891007587168698
0.8880654482999099
0.8852222384632876
0.8875863458640296
0.8913536599242076
0.8869556100734822
0.8891107531883575
0.8926818677776784
0.8828120236241508
0.8971435136466555
0.8839082449436667
0.8920278305013174
0.8898636323607786
0.8947530518410481
0.8929899728357619
0.8927231905394548
0.886280038815568
0.8945936401033843
0.8899510472466654
0.8958809693521298
0.8796016786117775
0.8890412889140193
0.9025068420280773
0.8769277054040592
0.8920866328647536
0.8922331291990184
0.8902575999371137
0.8922408982012868
0.8811567130308138
0.9032521231663097
0.8977284822950355
0.8770568536732188
0.8950400377648897
0.8957233280743809
0.897449583433062
0.8891271727356873
0.8975272836732916
0.8944674512693929
0.8961350794924344
0.8917971156663722
0.8919560477668572
0.8883035152593559
0.8909854555509682
0.9041737321425982
0.8935080184814053
0.8927235009621886
0.8909558507941651
0.897586267531184
0.8810072170040572
0.9008227910149159
0.891598053229323
0.893828889755871
0.8884594838698703
0.8814215878897442
0.8809762528476617
0.8894469660502959
0.8872194735268003
0.8899901317108201
0.8862787724134519
0.8962452898308386
0.8901680776289631
0.8832973393513882
0.8930249718653476
0.8962125906478041
0.894524671463895
0.8960512833730194
0.8771865480650994
0.8935157018505688
0.8819779525982655
0.8820576934030754
0.8895469245472603
0.8925245066116145
0.8971300201353017
0.8811057475627091
0.8873606911333111
0.8920649215406264
0.880991252890577
0.8911494918633643
0.8864799881564658
0.8878587334953136
0.9014699781373471
0.8927700053176519
0.8784649722425801
0.8907691998613508
0.8836741849806193
0.8898677790032334
0.8910755017485702
0.9015016135416133
0.8830433272576232
0.8854494790537351
0.9032609029641634
0.8896357128202776
0.8912978514357309
0.8932795009802039
0.8861971008197557
0.8878780423746327
0.8911932440077038
0.8910530596713336
0.8868510548436674
0.8845228299599166
0.8880545267574209
0.8782897965208768
0.8816897851994044
0.8860095529379786
0.8867021316253119
0.8909106653468865
0.8811455478242447
0.8929849211133403
0.8837763549336117
0.8952115302108105
0.8888448105429705
0.8887538077228413
0.8970477305631869
0.8865027951804395
0.8844392384573574
0.8922589035201443
0.8839091840032847
0.897021094888097
0.9047441622282948
0.8822474503383889
0.8859384951419557
0.8960908151339355
0.8870298941450819
0.886651679217888
0.8866083585115098
0.8836360210134329
0.8856836785369773
0.8934117634880232
0.8792042174593645
0.8851814441900885
0.8931912204606516
0.8704773886548096
0.892366186518369
0.8899715383250453
0.8860703924521405
0.8694098984747723
0.8941620640320839
0.887913235930528
0.8883674224790518
0.8936745638156861
0.8891938648651946
0.8991520979877787
0.8955693951798388
0.8907198843400554
0.8931023269683844
0.8822023224833732
0.8807900742376529
0.8876999806028788
0.8878405277424888
0.8934455945946749
0.8878250187167174
0.8772843388306013
0.8820911240032785
0.8871147870159654
0.8914584176282793
0.8850713671306396
0.9035455394249698
0.8897841629507907
0.886813900075196
0.8847320826218752
0.8852094673621755
0.8933966185193386
0.8860202306668551
0.8848914987978829
0.8949288446612357
0.8941637741983784
0.8831271274256295
0.8910849887784215
0.8923093038304198
0.8975198891648425
0.881886630452916
0.8960211301228028
0.8882269198174975
0.8869910940193142
0.8957467656567275
0.8919935898323447
0.8949696798041886
0.8861655171822923
0.9003030588930511
0.8894558027671232
0.8797049845223899
0.8958487515723738
0.8858392215323108
0.8862868983641816
0.898219106529262
0.8855179090976784
0.8913981323215232
0.8972489899202303
0.8779372403709276
0.8934294926631031
0.8920205675279942
0.8809331996346051
0.8949977353031793
0.8987492168046239
0.8782237398342708
0.8845998319325403
0.8935239804912232
0.8841328598389333
0.884305027928345
0.8784065359746268
0.8942179768943804
0.8879112924504977
0.8935735311173364
0.8867553371171395
0.8916109448506306
0.8794202981005046
0.8930822672364366
0.8869862309763242
0.8984015740923372
0.8863594395975646
0.873953941263917
0.8956827200860478
0.8831114478942521
0.8868470979281522
0.8754797580335085
0.8797353783863253
0.880348450393077
0.8929640580584961
0.8888444795824169
0.887878509914145
0.8909340473571582
0.8920281839542531
0.8858200322647448
0.8991681260056741
0.8902586630119265
0.890706932382382
0.8903084407920586
0.8859215587249288
0.895806996646767
0.8967458722922027
0.892571530829294
0.8724360204998309
0.8925793718166297
0.897205385312688
0.8843470880028962
0.8976754125318458
0.889096427414346
0.8863263346579944
0.8856860287193318
0.8871163112350742
0.8907314993721716
0.8946973436860702
0.8978547798318862
0.8878416128940666
0.8984511829169988
0.8957733309323445
0.8908618807324077
0.8887342851417946
0.8841569612134796
0.8822236021993268
0.8902871603782717
0.8897394637355461
0.880070184799977
0.8864734678780621
0.8851838808815444
0.8932693077512566
0.8826002505865456
0.8987846191259459
0.8901836332208755
0.8802204637719001
0.8906739918119438
0.884738711990803
0.8947818235122172
0.8922129832658128
0.8927881889791867
0.8922918696861885
0.8910490168087157
0.8897916523385575
0.8852548440121646
0.8853878110822105
0.881216947703378
0.8873661896261318
0.8826199491670609
0.8781728150796976
0.8866088850562244
0.8909853482999956
0.8944982090914735
0.8787933665438862
0.8848270841039202
0.888652911409555
0.8839823963741505
0.8834219309328798
0.8960781345903035
0.9025324839264496
0.8766148388416776
0.8816774839482318
0.8868907099022115
0.8791268404381736
0.8899179384515985
0.8699912852062909
0.8996468570769786
0.8996693261657231
0.8958480383456647
0.8832638407177743
0.8833671459236534
0.8785507998130623
0.8880407879298143
0.8802616201278223
0.8921176131657405
0.8878386490559723
0.8952648630576446
0.9015324577517279
0.8842125389325977
0.8823304474307706
0.8906161042632986
0.8918203670886411
0.8911550709725427
0.8960457220328616
0.8862749851095651
0.8908452880732589
0.8889655539215546
0.8888111040253472
0.8877764199634296
0.8861135504954977
0.8879487172908576
0.8880634584099033
0.8911733789057086
0.8870177305187635
0.8938404040780284
0.8848830945118017
0.8910599933957158
0.8954296890818011
0.9028079136694306
0.8872475018697875
0.8877261978394232
0.874915514053129
0.8969934451536993
0.8943808100741878
0.8792105998049639
0.8746947976366114
0.8920544397335697
0.9021248979474871
0.8925174722608281
0.8657445667341873
0.8873308338601038
0.9328023417951945
0.8027624870456993
0.869438300093581
0.8965865973178341
0.8962152445707897
0.9101487740950311
0.8796057291096047
0.8951047580048398
0.8887777231627968
0.8540286384381203
0.8836328584168062
0.8634743861711793
0.872867473827754
0.8692926240490945
0.8380470814760024
0.8486136549671789
0.8698801359767379
0.8699773325167355
0.8747719100422524
0.8679201980013097
0.8600657997813614
0.8500316734126641
0.86633563929087
0.8687954192487595
0.8622253860597325
0.8590271946523822
0.8428668166431692
0.8537846515801946
0.8825505806473126
0.8589247401988546
0.8575780934577019
0.8331763881144637
0.8367898042429383
0.8809887301457232
0.8673819628027175
0.8490159602097668
0.8627623177151428
0.8324194028454934
0.8577537816580165
0.8461150839325295
0.8549815991956349
0.8488292404274762
0.8507771536798524
0.8563318650302614
0.8566270002960881
0.865165356745249
0.8460829252883416
0.8399253201585438
0.865882506247619
0.8573235784485996
0.8486043626168742
0.854277177255622
0.8399927087563297
0.8407873975831299
0.8529660403123476
0.8254502109667448
0.8493489155616253
0.841410926320217
0.8005759822594246
0.8195372703446067
0.8126364092082767
0.856445311886181
0.8204946163972384
0.8367201978116604
0.8646038132584151
0.8640616178972721
0.8686839670019335
0.8487248900278607
0.8619140387393592
0.8371575732134655
0.8612756065366071
0.8596514734188052
0.8623114044605501
0.8659080164868147
0.8479189127042405
0.8546071631826214
0.8471620445946992
0.8450153531824741
0.8643127452255313
0.8467174999703936
0.8312436898540023
0.8475122682849854
0.8539533112251062
0.8310523975072227
0.8473077418391434
0.83265753713625
0.8468527498742201
0.8512102401373436
0.8621296886624925
0.8257811985159575
0.8354818953698869
0.8790272972239148
0.8382552825376403
0.839335352474609
0.8245500537984134
0.8389368815788518
0.8620061673930929
0.8449973228690594
0.8229264868558847
0.84761572552626
0.8609984812688323
0.8510413549146663
0.8569490225632459
0.8634876289772333
0.8572291747503937
0.8644096347398387
0.8302940407503254
0.821639646145109
0.8507465006542321
0.8578631918113588
0.8538036836108913
0.8410230841238734
0.8486447384766359
0.8583114380641458
0.8590362893643558
0.8251235518135787
0.8337310208418923
0.8275756728366794
0.8216540770475863
0.8145126612123537
0.8306522415456152
0.8032542415439139
0.8230658782142083
0.838930240603324
0.8303135418280496
0.8114453302785298
0.8635154704537353
0.7975885936540179
0.8429496059159982
0.844762907210636
0.8336994664503001
0.8418789124628511
0.8291579768108989
0.8161376410811819
0.8334195433566837
0.8045158041035055
0.8114342122380277
0.8075530551645699
0.8635937599351873
0.8418440916657929
0.8173465406046072
0.8040296733049912
0.8577223520105172
0.8309117218560477
0.8419335114283439
0.8352461872570786
0.8345683615509001
0.8172846591057752
0.8338604969891359
0.8490403394722712
0.8495355395196104
0.8523025574227427
0.8457432978181059
0.8644356631578338
0.8601573334406325
0.8399624896498479
0.8720305861278558
0.8323159145023771
0.8406827661316942
0.847568020771704
0.8514194169811994
0.8191468639043036
0.8258285217253836
0.8266008360638258
0.8050997038551866
0.8292319116044714
0.8042109857114916
0.8260557917183821
0.8452103622737586
0.8218964219911215
0.8361606363328745
0.8221494869702923
0.815600324505948
0.8213628127841421
0.8385515552455631
0.8222149360690642
0.8008093066036246
0.8382654834490102
0.8492460767890604
0.795504263838632
0.8276306666647034
0.8203480381469076
0.8393425235231291
0.8236033859592868
0.8341143234749806
0.8429011940008625
0.8132060370882186
0.8137725702591923
0.8230676555387421
0.8061033766491624
0.8016697206337785
0.8434062496422069
0.7926475921923379
0.8171961757537183
0.8078388777742175
0.836123890839462
0.8399940520480331
0.6825654410938078
0.7774555645116092
0.8395466792063191
0.7942959007445196
0.7939570725244646
0.8277101068587072
0.8329878290925782
0.8540011583104207
0.7951205920574107
0.797189492075161
0.8287186816057277
0.811306712211799
0.8485144681057999
0.8189574403496597
0.8214739817303759
0.813224191966398
0.8391270234733996
0.780823027521504
0.8387190027101863
0.8173831730536222
0.826690214960127
0.8168894570628528
0.8263730678494842
0.7936434455141472
0.7966455791950194
0.8368816505322695
0.8051420189852152
0.8370181576400595
0.8294743070556633
0.8147681010234009
0.8403777333182957
0.8238291082576517
0.8041766596924991
0.8010129008196089
0.8486527516546601
0.831691819716152
0.8121977992545466
0.7830813501065726
0.8070151586655149
0.8201564050782941
0.816805708800685
0.7686916820186268
0.7933478084605204
0.7945511828105503
0.8134602773838694
0.8168140227776519
0.7757716649056673
0.8270366477530144
0.7774165354377248
0.720261574612577
0.8320518565834032
0.8046330748662642
0.7729670609973063
0.8351252618830829
0.7777403734255375
0.7820341687950181
0.8262456469645919
0.7984963986244106
0.805289346908161
0.7686874904242329
0.8418637050164495
0.8256249616737292
0.8230173385472263
0.8060336265960736
0.8181300719194979
0.7960133951845523
0.817544078831177
0.8413613900085306
0.7924782687715133
0.831675757870863
0.7806090649731855
0.7879596949702206
0.8350511213654779
0.8251287243967548
0.841972886754232
0.7872599253854007
0.7946621623949014
0.8083631727239077
0.8394590573044521
0.8253250043844899
0.8344169708985761
0.7863768779975071
0.8073283665753583
0.7809271541018444
0.8203971784411982
0.8514386529870566
0.8325270564414454
0.7800700100813504
0.8136907696162753
0.8329069086413302
0.845912520134466
0.8099279624120909
0.8126801073510513
0.7964160068438184
0.7830078129289569
0.8160280875940608
0.816442592283674
0.8279820919934503
0.7958877207295432
0.8468808940942243
0.8360632676267716
0.8322128877982525
0.7794619172143402
0.8271808719733015
0.7684839539295855
0.807873351585307
0.8145209430676263
0.7929962540138281
0.8067673005739605
0.8252151259411473
0.8476256992790535
0.6121516158839918
0.800284648538866
0.8038092439909109
0.8010179045747936
0.8203854924234621
0.8302962051486805
0.8205864202624973
0.8101478765346999
0.8130126903547434
0.8398732039761587
0.8293721972066048
0.8344803812558587
0.8294884961587945
0.8024840434132319
0.7757944533730379
0.7987695787153097
0.8373324794125526
0.818221167994704
0.8330280284414148
0.838683427132714
0.8102419281690914
0.8069809160794321
0.7904374369646666
0.7759880551076223
0.7927166387060597
0.8184099870690892
0.8112924391235333
0.8263240613072032
0.8047685924786305
0.8058137464949116
0.8175514918934645
0.8205173726042118
0.7797589024080278
0.8170284059317641
0.8520325441391197
0.8171899750239338
0.8303430062936776
0.8202262625609489
0.8282321069086688
0.8059071043480366
0.829367197164198
0.813394218917224
0.8444812735233901
0.8088696130055473
0.7813743853655843
0.8160180339718069
0.8309170260046962
0.834503953093012
0.811896728485505
0.8330700410908296
0.8473159668747885
0.8084835422640483
0.8255483584652105
0.8232638228920921
0.8273343504471672
0.8184946151885711
0.8514755900691238
0.8040396625670182
0.827955966471716
0.8042191715362799
0.8472196628985891
0.8260862553360886
0.8303744358455465
0.8227963237795344
0.8271907635005151
0.8573217942351455
0.8465032287542021
0.8446914551417329
0.8317435702971345
0.8468884412375696
0.8238927645815736
0.8385371809369124
0.823750674984024
0.8226130289953002
0.8410055484213796
0.848136631974541
0.82939414010047
0.8412290829697895
0.8056726469529506
0.8355039974674447
0.8276476010613159
0.8199911577536889
0.8466045457483758
0.8218495008441394
0.8149057681679833
0.8206968103646123
0.8390455608100756
0.8216882628160667
0.8356893745386073
0.8297094664589336
0.8252380626862277
0.816765081783976
0.8011137952832547
0.8287355378064056
0.8366922031343103
0.8235966592653176
0.8239609846201713
0.8109931557645986
0.836960313818356
0.8075479340690839
0.7978339040316292
0.7893473680432799
0.8101704559628233
0.8467924228024003
0.8139247851992696
0.8059943599277719
0.7931668952587959
0.8167098765590077
0.8154677391506538
0.801998521730358
0.8116311434239535
0.8318526120517132
0.8201278084410895
0.8107008968797882
0.8249674657706431
0.8424594476446046
0.8453972038532174
0.8063960373223228
0.8211342930830371
0.8181752630799239
0.7776599726734889
0.8125571478050901
0.8231472997983694
0.8066272059049686
0.8339259651109104
0.827084722062143
0.8212775440092484
0.8114708427508933
0.768634308912599
0.7979874088060057
0.7912447821189053
0.8004745893138427
0.8327062213316341
0.8336138971407696
0.8312687433205566
0.8165034202916844
0.8301629958722957
0.8232358086497789
0.791422628598718
0.809855600496966
0.8199491614858407
0.8149987183919345
0.8296327532396989
0.8475447745719984
0.7974056731940998
0.7972099062392017
0.8573387117937472
0.822574109611546
0.8299719729726585
0.8010619121106217
0.8313903088037804
0.7995628035812132
0.8273577679423593
0.8498761761723124
0.828412623395236
0.8403391678862194
0.8425458948185455
0.736419392628396
0.8078492514693567
0.7762297581367711
0.7934875026628176
0.7744166664561198
0.7924001986810141
0.8211046496768069
0.7987108798819135
0.8214876515698009
0.772817031152647
0.8102688321410243
0.7995774786048877
0.8023055143234762
0.7732549172013164
0.8241015166143159
0.8095626696095908
0.8311944059883098
0.7761852265324036
0.8168655146360841
0.7677084874548781
0.8237488509516101
0.8149177716740814
0.8087256509248488
0.8189871572230943
0.7936667088853756
0.8106352831759818
0.8062910749411074
0.8093296886891987
0.761373214091382
0.813909122474659
0.815913986398517
0.8212479448860804
0.7862683803163354
0.8359233257802108
0.8205326106544263
0.7867272954349096
0.7781950512209475
0.8224440359899159
0.8189676175682713
0.8313754517927758
0.8084221785422873
0.793952509917238
0.8090007915697178
0.8371064144410616
0.8154127900127239
0.8195607339442132
0.8358582029366486
0.7885528566081706
0.7895160496129741
0.8179519232693959
0.7871492910917908
0.8174102171142584
0.8372386215200647
0.7758948277505099
0.8248654975799997
0.842664853094964
0.783088974875114
0.7618669384702994
0.7954031132342498
0.8280405943818805
0.7693931664349276
0.734882326992493
0.7984732293134575
0.8004627675052995
0.8129899935238927
0.8077790854709079
0.8049781104922304
0.8292916493022447
0.8269869877602313
0.8039062976132648
0.7856066709681357
0.8050995799155067
0.777325714715122
0.8149064308446569
0.7996482210402587
0.7995423247957586
0.821552839827398
0.8127051344179627
0.8425683129231876
0.7939986300254376
0.8214543164269245
0.8136552552369789
0.7972917560877073
0.8324860764786841
0.790578213569548
0.7644875015484142
0.8005200805788227
0.8088068764360713
0.7919416544544393
0.8171896183406592
0.7950282654636376
0.7933508122613577
0.7357141581141347
0.7761511578461355
0.7290761509327002
0.7193888960042798
0.7850615979145307
0.7775357221588035
0.818051998067577
0.8054525714181707
0.843700382873075
0.7616461423655144
0.8220840130712652
0.7729871233552829
0.7844787248428318
0.7946053947211305
0.7962236056239458
0.8151862892909827
0.8265092541057125
0.8181781651446235
0.8028479923185202
0.8112831236417897
0.7992561623584583
0.8213887006859906
0.7918871539032181
0.8090031278315921
0.7884014092050011
0.8035610431262281
0.7990999533525989
0.8230162394264335
0.8134174291122834
0.7920214656306491
0.769615079335415
0.7649745074753543
0.8169240507222495
0.7739008433417003
0.8333058331935319
0.8273378799686792
0.7722680159694989
0.8110243634758547
0.8123455999409709
0.8096506463372675
0.8338186161381621
0.8204920095926187
0.7727032549696187
0.799694720064727
0.8225602690088124
0.8261818715135201
0.8331979482215812
0.8435080531659619
0.8105809576169026
0.8176167828865017
0.8251787461273661
0.810494457047786
0.8174552725158918
0.7943336488339673
0.7958849260727074
0.8281645759315419
0.7745876012114399
0.8374114281307502
0.8173881824634798
0.8227548198133172
0.787299902343129
0.7893856363768939
0.7954163304121958
0.8174195894359618
0.8294873555222848
0.7926748307821205
0.7920678097823589
0.7993151894305445
0.7700922003297108
0.7920436298851291
0.7926672558621355
0.7875178342054328
0.8474426978361936
0.7842035111820634
0.7816034243624339
0.7917819975256482
0.8114376484172003
0.8004026509123907
0.803763247177752
0.8018089976200977
0.7430782739501733
0.8117982023748572
0.7944273246469603
0.8077275625605171
0.7963354162611124
0.8058902508258174
0.789454541321303
0.8076539269882421
0.7912655108789709
0.8119748508589856
0.8552190562767201
0.7310087722330049
0.7769511364585977
0.7705869093386785
0.7475656677373407
0.8220690089629791
0.800443899451202
0.807230959155091
0.7667833054610461
0.804640540024482
0.7962035167715553
0.8044312017138842
0.7488428146249334
0.7796184937814485
0.8087491572239582
0.792423178387378
0.8000644400803345
0.7776267358896816
0.78933577151212
0.7919482165334637
0.81673313443408
0.7902460856986192
0.8095784357442881
0.8197694807850106
0.7795152083550594
0.7675616360906699
0.7977878845407111
0.7964892771880079
0.7681564336099272
0.796878494178304
0.8187104056340064
0.7783344198379878
0.8125133893354068
0.8003303467988829
0.7858898575939055
0.7893942874769782
0.779138798110843
0.7995590280568504
0.8221298566550796
0.7685110535885127
0.7621020743671487
0.7062875474472229
0.8194108446255685
0.8323670943283652
0.8286866587852366
0.7972328143218712
0.7263807026544603
0.814441022661389
0.819436194033915
0.7937000451218712
0.8084802615731557
0.8214791913531194
0.7814417954221463
0.801208777276415
0.8380797795066725
0.8043676939485023
0.8032863986088674
0.7706807343142088
0.787876276691349
0.82171486648006
0.8220101100986525
0.8419641106335414
0.7892978263925536
0.7617474594680927
0.8121802155473417
0.813292757105206
0.812046310043443
0.7934002216569063
0.7886115311725928
0.8101673271872736
0.8160354257649963
0.808242589867549
0.7942322052374979
0.8492274101841106
0.7967580271864398
0.83142268634519
0.807879205533941
0.7597084185742242
0.7824273190504547
0.8367824267529038
0.8171835209779111
0.8282131473145171
0.8089580443840969
0.8555271798364001
0.8449757377129853
0.8283225374191838
0.7172842944791172
0.8183415647780817
0.7775684704453667
0.8130567754539337
0.7972190439716333
0.7925976187801312
0.7806158359561438
0.7779029326314457
0.8216814444182127
0.8196539438537375
0.8246032317127433
0.8078954362632494
0.8196178414164791
0.8130894129018508
0.7920483545983659
0.8020885726604654
0.803223696806266
0.818603994140673
0.8050727603315468
0.8214375471198544
0.8013934394454181
0.8055916566791526
0.7940532285179281
0.8212036444284447
0.7971200559418896
0.7798501011517002
0.8077254124156719
0.8084886237504062
0.7982489147756447
0.7943419973751158
0.8283124765602216
0.7680830214242129
0.8195790949257381
0.8268705745302529
0.8152907560239425
0.7823719873558089
0.8056453921721418
0.8235439668645146
0.8018668656098245
0.7936390754786703
0.8116352258243886
0.8114965784158364
0.8161444896181879
0.7801555028857666
0.8150855655658175
0.7638997381642942
0.7681201917937115
0.7889206263825145
0.7880741887803318
0.8018229335075638
0.8100796842323714
0.7668262010930363
0.7732916625109537
0.780055152094072
0.7915843205926991
0.8042869118655261
0.7621663110546134
0.8050992856281708
0.7409049249912345
0.8098929777781059
0.7808981024183774
0.7713813847374391
0.7964670060189866
0.8232870245109822
0.8224703395719406
0.8102624016935742
0.7827353640803718
0.7271302259677991
0.748516830095957
0.802452411466016
0.7724430136520695
0.8478975265975446
0.7717916918636838
0.8071342396385729
0.787709480493672
0.8310429362718335
0.8172386560991137
0.8242065860230026
0.8320567259411413
0.8011727758552156
0.7958239325060874
0.7602290584903082
0.8080144515796548
0.7656793700946127
0.7971896726583794
0.7861476475996112
0.7959973881778302
0.806493031060002
0.8205133619989619
0.787133128288425
0.796633782496864
0.7724815633873565
0.8271414622362373
0.8221316915920805
0.7893298183796358
0.7931903374486329
0.7736574182785538
0.8132739192121973
0.8306161822168155
0.8100621480386321
0.8006446627801257
0.8080776913293594
0.8008590764874761
0.8220415644491993
0.7438766606632838
0.7717009747506808
0.8370254927602844
0.7967378272642217
0.8141410031149283
0.8129640098773633
0.821681416823821
0.8194122598798377
0.7497957170560301
0.8001495891698969
0.8366886340816349
0.8349440537390771
0.7884383188966975
0.7957198313062637
0.7755078093654292
0.7971910459979479
0.8148350128366321
0.7940679411611958
0.7945479807344602
0.8325583648323922
0.8091824674576525
0.7615094888614633
0.8177973449551832
0.7823058030351525
0.8010713644679626
0.7563690236227212
0.813976809256002
0.7670585831079115
0.7952227822988469
0.7835717426327571
0.7723159277002163
0.7819785909079776
0.7779005173186693
0.8041165629030086
0.7953902468565581
0.7672843381543858
0.7475571921764603
0.7848303022392391
0.8063610088896789
0.8038933067654368
0.7575889963177673
0.8204959180577202
0.7567286557167614
0.8155878224570516
0.7507266373684474
0.731464368560583
0.8265344873266776
0.7976749415272515
0.8066088825296698
0.8004577446498875
0.7607251950100969
0.797179002087868
0.7558515379598761
0.7894774630257018
0.7768418724406996
0.7868870141832638
0.7656307826012496
0.7515100618929924
0.8127565932822434
0.8124797940071904
0.7906274212543677
0.8363240204243011
0.7174607704586049
0.7597934516137658
0.8204611344926299
0.7761447755692987
0.8037224030208282
0.8173152408511906
0.8138292444755045
0.7886598396812727
0.7496433259052407
0.8229501823527585
0.7778519733212277
0.7748343672158039
0.7613483055720135
0.7976767311166622
0.7697959989363341
0.7358484625438921
0.7845749367378421
0.7374368784229153
0.7403351830077212
0.7416757547447029
0.7381063365097958
0.741653427993048
0.7985100244053869
0.6995059165104476
0.7933216033889329
0.8170564312952646
0.7982314587168488
0.7868462742321432
0.7585680898932701
0.8300128261112757
0.777930015434517
0.7483459346680024
0.7745930101563234
0.7523950343451264
0.7760936568562234
0.7434443850489161
0.8036929422811733
0.8066088142145658
0.8044654466478602
0.7662905866008622
0.8456713118539352
0.7966173141754818
0.8031544292058583
0.7477482718187746
0.8023264112654825
0.7543598051606614
0.7866665449223232
0.7732533669826035
0.7522509897349111
0.7395046341435318
0.7822980222427374
0.7638808053346786
0.7599721130010793
0.7921845625508579
0.751809049387492
0.7393323640593211
0.7767968257731381
0.7954786416148619
0.7596643738750266
0.7801776575803085
0.7858575751914861
0.8323688739337258
0.7835954506386712
0.7908733328074701
0.7748922963262523
0.7764682492380449
0.8193429104331331
0.7840511918012376
0.7924864166209948
0.7775018120773464
0.7658483017142055
0.8011950000743351
0.7741691211663592
0.7846885187255743
0.813789508074828
0.7753108810196822
0.795703618895611
0.7584450441597356
0.7589396766759585
0.7597581482632043
0.7953251110298349
0.7661072480180376
0.8008701577808619
0.8153697065407111
0.742446034447162
0.8154413834132097
0.7231473786437576
0.8039399750587102
0.7741201396649194
0.7563737997877005
0.8016498986886773
0.7960171062890546
0.7393964548282017
0.8342225149605502
0.7959459419368627
0.7963284697215458
0.7282891975995247
0.733605244433785
0.8376297784985173
0.848356884983062
0.7845520785888286
0.7325069121773324
0.800613323840712
0.762510745542658
0.7662388334756765
0.7898521931832428
0.7149133407031586
0.7676489381456923
0.8222641463429815
0.8013294043407846
0.7888218574345174
0.7583069873085995
0.7410431715404093
0.7892639934984121
0.7767389242007858
0.8167050321628879
0.7822229493427219
0.8116675578002909
0.7866291763085543
0.8055920280607713
0.7748505755924453
0.8101001046783292
0.8139542901263459
0.7750358574189006
0.7846802555346724
0.7999671844283587
0.7814599554448691
0.7910027885579575
0.7768046838391213
0.7916226397326583
0.7588069381993733
0.7920340457971174
0.8173682565669177
0.8001457523074095
0.7798466183723
0.77035657620293
0.785048493758496
0.7621412112612367
0.7983842028943174
0.8321141289729372
0.7497646706260913
0.7814014795525464
0.7843622582996429
0.7753315765519807
0.7985026785867471
0.7759367363539541
0.7995599630670907
0.7503674440177531
0.7708145906388187
0.7703197627443247
0.7512165213912713
0.7956885167614767
0.7880059124632111
0.772330591338344
0.794250826180582
0.7857882549010192
0.7931932234190332
0.7946913278629055
0.7469753820427305
0.7554964179122379
0.7960716968834739
0.7577568581825764
0.7758130650939468
0.726872202887271
0.8149600720456436
0.8107019135580396
0.7996925688454234
0.7951135183532639
0.8093782547474007
0.7853322328852842
0.7728300873443062
0.7945558893063025
0.7659901355801179
0.8241624734639277
0.8291997237772168
0.8253456641951727
0.7563853686507948
0.8042420901000786
0.8379282797185799
0.8294447290272913
0.8257884512754412
0.7912410293723534
0.8004355919929944
0.7914719556947467
0.839383844777229
0.7543063413770256
0.8170510087252655
0.7991487358288945
0.7609744065470636
0.7965227063151848
0.7822065901631081
0.8286498891557486
0.7872838492118204
0.8146287922280301
0.7813754115370359
0.7618578920223424
0.8018289396848293
0.8119176603655978
0.7706682345983469
0.7733328342392248
0.7756752163170393
0.8234189033700664
0.7716492591926627
0.7980879849832708
0.7705968495157924
0.803643189626522
0.769771081018207
0.8092800100993769
0.8455928984007978
0.8184071393685866
0.7597714536578623
0.7944153737647561
0.7906443907114915
0.82569370058284
0.7572231463163314
0.7574842475375427
0.7718141446539615
0.7994018003686483
0.7851338410009142
0.7920754374976631
0.81293937744899
0.7989592472137268
0.8119820881729474
0.7839631430643322
0.7907208578495407
0.8149159227961486
0.8270114602801251
0.773452388708245
0.7874528333116207
0.795770366172999
0.793152568000304
0.798622052860295
0.7665382983517052
0.7353323311829589
0.8014867613946451
0.7864775526465222
0.779666302451157
0.7914126527828768
0.7919284454129524
0.770217173670295
0.784452111512804
0.7865466690536308
0.7737990261954305
0.7855576701312265
0.7701909434173763
0.7721703074471663
0.810942484398906
0.8270711660118183
0.7660538805967563
0.7804373995254203
0.7630443916713027
0.7989082093448351
0.8056234002317973
0.8279538903448845
0.8005211377364994
0.7614480565789752
0.7946457821348939
0.7736115564292223
0.7671973524487619
0.7947269878929852
0.7739139495715189
0.7803287679258868
0.790464187942038
0.7368974013437726
0.7626605372460321
0.8004627108384101
0.7883751715887466
0.760714872750615
0.8160741902816431
0.7788169085370233
0.7872816063021706
0.7879608577787828
0.8057721115924104
0.7866600547362868
0.8263506466310633
0.8143776884469236
0.7266797339920977
0.7534308741351472
0.7954144526572768
0.7773258769038339
0.8070057687659571
0.8087023815709313
0.8094912957019261
0.8189013364066202
0.7803850022222572
0.7847110208091295
0.7494864435879014
0.7803686066496269
0.7984492770829179
0.7675527055448035
0.7638608006893716
0.813679808204637
0.7831439200189504
0.7679148531591701
0.7692292931564285
0.7865790305346456
0.7974974251574432
0.799886565301058
0.8101476394005322
0.8052562311332432
0.7732398774416558
0.7771824336296058
0.8021793979540177
0.7455913139593432
0.7925483904509225
0.7975002612861173
0.7947308766379187
0.7733806947721782
0.7621691609701792
0.8121052407654373
0.8071890007701537
0.7805617991553071
0.7896667167282304
0.8057051799461534
0.7940929112355122
0.789286834593603
0.8082047540253345
0.772276482065257
0.7952791521858239
0.8062386481239509
0.820388363006493
0.826152530049096
0.7849492703910228
0.7976092377242733
0.7563858745082765
0.8057592729316481
0.7044072476467106
0.7664007587684439
0.7653715137888206
0.7527393206718243
0.8122813757338179
0.7453203811304489
0.7550653128224962
0.7922494992454863
0.7671783665715587
0.7447021562914161
0.7705188999900846
0.7906736053673351
0.7940158653046222
0.8363879868868705
0.7728660817874597
0.7996254402682722
0.7815460155960693
0.7507521486184279
0.8023992337372358
0.7837432561980531
0.7947763766983512
0.7865250067569353
0.7868659418141692
0.7649744848791745
0.7708214096206557
0.7590752402536941
0.8047083755043205
0.8215528443800784
0.8085069564958118
0.8241939412021683
0.7785191227444114
0.766332392551803
0.772967707277041
0.7950607513474738
0.7697186854071967
0.7909147640963656
0.8132966777503562
0.7492961611888058
0.760293100637679
0.7545375498081713
0.749530948123296
0.7449377188217388
0.755517237699041
0.7591574966261008
0.7731944439045085
0.7424146860915621
0.7857566367234344
0.7368188326234393
0.7421819125792207
0.7954919555448736
0.7766414316657194
0.7550495227878562
0.7709234959128679
0.7817708268330404
0.7522098699915409
0.8074753549943704
0.7636506958675878
0.7977652711704614
0.6541484808951106
0.73882542800492
0.7740711063826403
0.7730252456800988
0.7871285861521177
0.7564470356431393
0.706811289177338
0.7356637980081211
0.7057766565624722
0.6970059018084218
0.7230152988085454
0.6849773559925944
0.7407935243484929
0.8050206393922477
0.7339141676048875
0.8090655437144122
0.7506181088430303
0.765273969596532
0.7675321168363005
0.760615617325124
0.8108667471083766
0.7322734390102993
0.7550956873517711
0.7300017072241649
0.6988292627392678
0.7833690996588791
0.7606645100249011
0.8036716561984052
0.7180762495525322
0.7355188506992815
0.7845952088587251
0.6738683670448973
0.773177049381429
0.7753008753165718
0.7549166555396354
0.8150705169758874
0.7814326722468021
0.8108390134784876
0.8120028308545002
0.77645627238671
0.7350044205461389
0.7632945025201473
0.7485430458229363
0.8085073500196597
0.8146352581976298
0.8042689519522428
0.776875578434435
0.755630418206186
0.7772959622204423
0.7318780606773736
0.7500289847663828
0.7442905695630447
0.7812692738684752
0.760524915751726
0.7648602973673119
0.7091487417041415
0.7765387829348402
0.7498596033216705
0.7821670783505732
0.7370767714993052
0.7798994782112901
0.7531235783975536
0.7572066631612033
0.7801695208737904
0.7886298112992062
0.7877051617548069
0.8083352373439745
0.7939238419989717
0.7546902911847304
0.8003141204389921
0.7804699618498477
0.7793836368326778
0.8226364022070353
0.7982616380381825
0.7805835388018556
0.8139145311447976
0.7911888314975128
0.7874664823978121
0.7920029548086616
0.7910456787612203
0.7349666112440187
0.769019450956573
0.7630445146551439
0.7825000665515038
0.813023174783306
0.7651663132176061
0.7747163286006592
0.7566089466283301
0.787339769168771
0.7641343596525019
0.7847170930092012
0.7542525683758241
0.8190748397871485
0.7742812627156059
0.8103293474237775
0.7367342167131727
0.7639541987916022
0.8112582420184479
0.7464599112186081
0.7913203395727558
0.7713393100374366
0.7944997917450992
0.7815096289561333
0.7501332759758883
0.7891084088591389
0.7830675945384163
0.7882216911885039
0.7746396168123932
0.764158041612206
0.7976705225729652
0.7886778150325572
0.7725691733086776
0.7906029170331992
0.7613457526610997
0.8168334420533581
0.7529261545299942
0.8042793836709826
0.7332318807551351
0.7703025526296846
0.7517187859993728
0.7793738608373364
0.7750770907105323
0.7720547961496822
0.8269086991382684
0.7592351336074594
0.7933485833412585
0.7967596912349625
0.8061951806674921
0.8073050246772008
0.8218330398861735
0.6984494521160169
0.752968442093585
0.776558920007061
0.795188180069405
0.7871227688052003
0.7577485667365341
0.7584711215643118
0.7495998703438094
0.8011482571814383
0.8259090413444119
0.7798522938112096
0.7864888482389658
0.7943285111656407
0.7560486536287013
0.7206137764421359
0.781314152409114
0.8037983428617412
0.8163050772538984
0.8099113444547383
0.7738197760815977
0.8084704033848661
0.7912726724871251
0.8053239453068528
0.7929461056099706
0.7653918402708757
0.7696707681323453
0.7933351485605967
0.7819390183780867
0.7380673040869808
0.7958733880136521
0.8306078253689577
0.7875571854662935
0.8327420101658923
0.8046215781381717
0.7591339518715653
0.7771838989913933
0.768951516590693
0.8077204513558692
0.7717318853237664
0.8013539721501767
0.8059016064374823
0.7638265728211444
0.784399852369918
0.7861354915757768
0.7771046207518026
0.7699894498854013
0.779697583544422
0.8366510039817742
0.8170696773772466
0.7645150314481295
0.7260932670621341
0.7612562474712421
0.7637905942367126
0.7535282398112717
0.7926228882957218
0.756602776974464
0.7990060194352765
0.777102065303939
0.8016370351577539
0.7106328273462412
0.7750433961786574
0.7888865614144744
0.8057191888022123
0.7613524720470796
0.8250240473675472
0.7996639883624315
0.7511521256075425
0.8141025018976235
0.7711645421975712
0.8035114854941983
0.7896721899103059
0.77577525491763
0.8232280834277257
0.8133485106513237
0.7512462980125926
0.8054193502850506
0.8132771916041378
0.7942704711655711
0.7930517787841913
0.7885844225625369
0.7793849481009197
0.8026586512574561
0.808038520208925
0.7960860707280447
0.7948225701494497
0.7568278151413395
0.8069338172582572
0.7565852155521549
0.8002821337539491
0.8014244081219273
0.7757036004251848
0.8017206580939442
0.7629386068305741
0.7530170362166613
0.7926633473642708
0.8078398185812621
0.8028335801309318
0.7908107628251626
0.8178845894700763
0.7977077646409546
0.8011370592228243
0.7993675860279458
0.7933836682610693
0.772901133653782
0.8174710308516662
0.8340919799927402
0.8118925856350693
0.8107835335772838
0.8186781711714186
0.7579736409221582
0.8108903156976914
0.7792455611087641
0.747118817318981
0.7771934834961309
0.786512995482731
0.7309503453073711
0.7492755011049123
0.8057661490736161
0.8319337464150646
0.752619311958134
0.7703670433197628
0.781929383728862
0.7760769658371522
0.7875134295562836
0.7916285508681045
0.769881770802481
0.7579842784655546
0.797927418182137
0.740377074134023
0.7934749826778005
0.8066458273109474
0.7669097382027198
0.8160731629431609
0.798920979944697
0.7919461736276867
0.8132459936341977
0.8217920096748055
0.7930667754769677
0.76825822520821
0.7710012688245399
0.766787116522557
0.7301926695759142
0.7975227049625502
0.7676503460964944
0.7986579238813529
0.7401397015023612
0.8171948684807493
0.8084740764740435
0.8273002843555683
0.7441643992025534
0.8150651096403043
0.7868753105865647
0.7585320538875318
0.7637342486795051
0.8068499626165497
0.8372084596035357
0.7796997152306852
0.7747809999859447
0.8064720463113846
0.8170914395494581
0.8188040616113765
0.7882252142860594
0.7552417710670672
0.7616230865307976
0.8016951218735919
0.8162795045150494
0.8375038304992051
0.7997893394541532
0.817328554366218
0.8033115474390113
0.7999657193756418
0.7553989732705355
0.7766937184644587
0.7790473465135802
0.8224205051456271
0.7785923728156404
0.8130227303239724
0.7629837918611824
0.7710193940181111
0.7612186113668631
0.8253924598561934
0.7926072861806162
0.7943758713434526
0.8137784584594607
0.8132062945006735
0.7349085917890441
0.7973316574216339
0.7785164822444842
0.7923672554103174
0.8057631317799346
0.7929949030073609
0.7863239076075079
0.7643175626875729
0.8046077980917365
0.7646844220547915
0.769234189295734
0.7798825691016631
0.7976502318439019
0.8239039401868176
0.8158547112512066
0.7763815776063829
0.7640999154300956
0.7726941250956909
0.7878327888042316
0.8023663789896036
0.7846097081543975
0.7860342282947489
0.7725141865883977
0.7570456278168713
0.8053783345367471
0.8052898916410113
0.7459581734633588
0.8154352622579857
0.7919037512595133
0.8143102608959399
0.7425759756671539
0.7172691529893147
0.7777654840282496
0.7753674782237555
0.7760760384423769
0.8003748068749108
0.7820527184621782
0.7585771215699257
0.7730344865736193
0.8229783839466919
0.8206473210140665
0.7801510180284101
0.7917356357520007
0.7441053099237112
0.8048914528302806
0.7867300297834068
0.7704295190312832
0.8383325694055618
0.7846714652928105
0.7974432962249921
0.7913970912108009
0.7891934873919272
0.7736180491304318
0.777791375050745
0.800615057535836
0.7921672404736806
0.7987810439093929
0.7926663147438866
0.7832079662003458
0.789869042932564
0.8196943189204957
0.797177503031642
0.7850451591877268
0.7557033964544553
0.7904954995345523
0.8343561415659269
0.8101567928331214
0.8138506793689781
0.8290863661194884
0.7969157855440641
0.7621884007511512
0.8219699756109036
0.7909384310126804
0.7922286788272055
0.8034151568208585
0.7874703626359795
0.7571289361196849
0.7657613025501291
0.7783411707387191
0.7881541276382024
0.8233471152806496
0.8074930679427412
0.8223255845187198
0.7524053716697553
0.7656526798451075
0.8108896562029411
0.8158978677948621
0.7927405697828275
0.8177525824170043
0.7980087672419043
0.7989268591773435
0.7584732186331266
0.7626413500267314
0.7786012541924737
0.7943246312938546
0.8251853779320028
0.7911028394357847
0.8030814358279399
0.7805972710979454
0.7811656607799967
0.7883550464211918
0.7980003643432599
0.810732101203334
0.7790982106483042
0.7898649861434037
0.809493224455234
0.782202323129801
0.7644481627795118
0.7937385855544764
0.7827915319988392
0.80270406626822
0.7888987436734332
0.7906186835420035
0.7714316925193992
0.7738300909893697
0.8140334421590888
0.7948485051279988
0.7779954091011007
0.7832611852021603
0.8047797004485151
0.7749983964628823
0.8023012074114458
0.7634566199818102
0.7534557107531317
0.7564977116125753
0.7940327282182329
0.7440918454978707
0.7484681979773666
0.7946840163198036
0.7495278229801713
0.7725939465312435
0.8004534394561658
0.773517396519234
0.8066267862369401
0.774460597984459
0.8036575415021099
0.7861146008960258
0.7684589945295217
0.81049776920404
0.7499391768172712
0.7352015041978616
0.7972373287714889
0.7812304216814783
0.7742036554385647
0.8161542917399405
0.802817684135919
0.7725691052769822
0.8131058176081002
0.7966823364550296
0.7821364061301723
0.805543117136286
0.749583351060258
0.786387784736861
0.737698866255273
0.7797819515513479
0.7525482454376607
0.742924063915338
0.8282851206385784
0.7867234284084409
0.8123272716086767
0.7934431961881724
0.7602713615026119
0.7104549025519328
0.7754698678965504
0.811766214991346
0.7788780275742503
0.7752102913134092
0.7739487692162108
0.794312482387529
0.7997483011215974
0.7585930132937071
0.7860411202423198
0.7863150630091373
0.7584969287345589
0.8252994389718561
0.7897744186577864
0.7425503391294817
0.7864354408015625
0.8320551099546609
0.8111869362999702
0.7960899606986178
0.6999696714205028
0.816749014267738
0.7985875389817243
0.7888461954350225
0.7926829587471576
0.7717557441768396
0.7907422426814177
0.8015874043535032
0.7322091206982779
0.7942724775375491
