0.9437676214966434
0.6808901403955945
0.8462218849226806
0.6814838329083424
0.7574732176039787
0.770711333713592
0.6030765932268087
0.7431906017498306
0.7059183297529867
0.6620200048571799
0.6410091213136327
0.6233808750568661
0.5625875736919379
0.8417608912759672
0.4928800118023283
0.5105440620014492
0.6003074521379912
0.6778801716149477
0.575645948464137
0.6662455462953238
0.6798678707911504
0.5783256822213451
0.6725185933634183
0.37533849663822305
0.5698082567246923
0.3319561396761131
0.5124214026624381
0.6993628869827251
0.4149743482577904
0.3916803194336323
0.6005487291433758
0.5328259900144097
0.5547037356510425
0.6365986157381334
0.4663554997995953
0.4860680164567298
0.4462797977879201
0.5051987967415841
0.40206881596068395
0.5913435124610009
0.4385537206558813
0.4735244138506631
0.5394492392534691
0.7017185042394116
0.4491262666583128
0.6598469373859974
0.4752089002008262
0.47419472183000977
0.5324365428494281
0.40208385824346654
0.3065624378591106
0.3111506506837892
0.43735594398098226
0.3245136805937652
0.5641864841805811
0.6755778611638326
0.5365108286703635
0.5384880967914316
0.5648450009668448
0.5774300270872742
0.570113189200301
0.5065135172996218
0.49907430968200234
0.387057546998198
0.39601608065743615
0.48958824112332777
0.515542844402995
0.6511936189602409
0.4776156678242919
0.3522132423815326
0.27204044874921846
0.3572229721667533
0.5844900504073691
0.4164363792061672
0.39400431320831786
0.3171129358573562
0.3910963071420408
0.38003489460409356
0.5442822769589813
0.4911610207262136
0.40508473014625
0.46270814095216367
0.4271501831600363
0.4025221231048211
0.3521955509881297
0.46754267371655267
0.4073236307586556
0.2931172019985238
0.3476284015537926
0.38490484930399205
0.5077528004132634
0.3533855752214221
0.46021545497910266
0.4923310808392447
0.48795753687975163
0.280938182526912
0.4005751377725228
0.562926537824873
0.4256287189274969
0.4246287639100329
0.3068107902057029
0.44036348349677884
0.6237923999722983
0.43988435204431003
0.5743783194568283
0.3544767519314697
0.4968363084221526
0.34973174604152796
0.35985361243109015
0.49371932265709056
0.4107225338919732
0.5073126497024314
0.45101662178810986
0.38120941225239735
0.5139425793779322
0.33739668784611476
0.39308667755610327
0.3923846303923303
0.40865499955494144
0.40431768378345156
0.32754135213210656
0.39003797133997326
0.4415071135591452
0.182762058376914
0.5083838447114525
0.259811354565192
0.4214857232219109
0.3105972507414828
0.4862124035339316
0.4934551599313072
0.4926373602515148
0.43538019415484275
0.4480798104564908
0.37199790743692546
0.5652611352207954
0.414019292194688
0.2939061841631795
0.4171364018557031
0.363611367727005
0.4138725826819278
0.4353064621287374
0.27691628437075777
0.4011529409696357
0.2545644839230975
0.37287902765885267
0.34545857335540353
0.5438654658895976
0.18096553108328414
0.44345538009582536
0.3466414910799937
0.29739367482919976
0.24686708548507935
0.4552891166168479
0.358313292650277
0.41060952221177016
0.410430830609504
0.3923705469883865
0.33767483658495323
0.35262846185549906
0.30996429935232306
0.275608302415865
0.2808731990230081
0.3007333030134928
0.33834905649884517
0.3764181925823872
0.29777028347781964
0.2750478087002129
0.2783314509813766
0.2544563287182573
0.3058281262855756
0.3465817458809374
0.26806020942421493
0.3445392845068017
0.2962982380525686
0.285733478518644
0.40129825452795737
0.4482474858340028
0.36530335136327274
0.3962612541395379
0.2015675803579886
0.4559033394457538
0.3938584187044752
0.4443677426209585
0.4298814662596091
0.45458308574123285
0.46149975617138106
0.4212420355014233
0.27225004469807096
0.44201802011808244
0.3132645614351494
0.41296740486458566
0.39450748990852585
0.33779512636075476
0.41617520512332645
0.34018154891272845
0.3527889845825099
0.16311925676885242
0.40390326732299486
0.22745116113527447
0.45181899096978795
0.278387175032925
0.4038170607333601
0.4252012651413466
0.3153048586150726
0.38299316143965234
0.33117740226782333
0.34846250262911316
0.44752020395203973
0.37621945105239285
0.3148292773242319
0.42041586111330104
0.32865565126259844
0.7244574123891979
0.5087399426185971
0.4533010360002496
0.3604608982178818
0.2859897117357138
0.3764659428957602
0.48035021975346703
0.30406890697268113
0.38373883683738647
0.2753516778892616
0.3050700608988355
0.3916899290340523
0.41800470270828544
0.26231809244377347
0.3256849598646391
0.4121528494836594
0.3707696919125877
0.4003204034546771
0.3167343619451356
0.4719864967399149
0.32062193279420353
0.2543637328937858
0.4602580641734719
0.40577243254305595
0.3749692928774725
0.42184467091848266
0.35368969850254084
0.5216760601190046
0.19066384952042886
0.2786424957617228
0.4513581437127764
0.4016107886545148
0.17079962586964942
0.2724308056438581
0.44279344769195655
0.4314276982106807
0.22777269016930615
0.3234797514787763
0.3365599116541751
0.2882333764365887
0.46615342795226306
0.4211878423105249
0.2193762162081149
0.38196581000234614
0.4467243694944349
0.4865087312928078
0.4951025635509823
0.39420399878888823
0.47615513490888206
0.18747803569344265
0.35708383437684443
0.3630891749144881
0.4021059495450386
0.6400532135823165
0.5556110623789008
0.5448136774651328
0.2954113424185918
0.38603132289190767
0.3459638436430062
0.31403869008136676
0.3096487436709065
0.4294304000590109
0.2660218796253702
0.18853947763782308
0.3568803771104355
0.3504846013061287
0.31491180548591735
0.33361008994600505
0.37520212125348235
0.24841487578182092
0.38353551280970904
0.38325343183746746
0.29719499150579204
0.28678045096134186
0.38718608607307897
0.4082339447202351
0.41294524705145363
0.35475463378144456
0.44039405604011445
0.27658292696151676
0.3760059095292959
0.32590858811127754
0.40849006732593657
7.30484814033789e-2
0.4705043976914995
0.22501787080907243
0.2925686047055119
0.3785949805218959
0.31596277086070373
0.25119326920803553
0.2965718655235977
0.3314584572745992
0.3768293106892952
0.2969119051121679
0.5243414515018274
0.3494085458351108
0.42191774448958164
0.3370069050978186
0.24345433539869074
0.2988298859885269
0.2741961846502049
0.17756256803941167
0.2919338731116098
0.40201757080439116
0.23089888489558463
0.17634740893793763
0.11465016121222424
0.15431956880825073
0.24176270198020527
0.2309921870459836
0.307791935167962
0.21307885865708567
0.2769899013711402
0.2818778214734385
0.31467071541311287
0.2967764085200238
0.3148338834579101
0.19402519692277367
0.20240747536875986
0.2862434666320968
0.21618824844820406
0.39010735793076845
0.3641371839214238
0.24460027301033688
0.2308061715117713
0.23808565418748268
0.21786277806501214
0.3238912345870165
0.18322550452783434
0.4349052637320535
0.4320835495054257
6.865090510412414e-2
0.22414394011548017
0.282292573069284
0.32791093761513745
0.352401541292411
0.489430843642507
0.3748156608699459
0.2621623172592053
0.23580493017453336
0.39404407135632435
0.3999292466698117
0.2512365407031171
0.22471414902859102
0.22860763083135902
0.1811217760231829
0.28659757265544406
0.19504810837432385
0.23039338835537757
0.45467784216089696
0.3151585543801647
0.20757502219871532
0.36908666666137424
0.31930430775839513
0.3495993487291869
0.12844095311688594
0.15535484139605563
0.17651993265253355
0.3792334457105331
0.3203844439502257
0.3115531197733151
0.3305739537924641
0.3371155127554444
0.2838486554240361
0.23496197939997882
0.20399406754413954
0.3300795993688294
0.38297067261605583
0.23273636089218228
0.2596084033146221
0.28286194820573746
0.2981206856420914
0.13194598762900805
0.28413781141152006
0.2974023639009648
0.36999326164690716
0.25193583910384376
0.3868543067383092
0.18900553785635102
0.269473492524331
0.3203276738282336
0.284137175840823
0.2893695300684935
0.4292649884477348
0.3402390399079958
0.48933385058474244
0.35970539375860827
0.177078112625263
0.35327527442278617
0.3656271112543339
0.43504483030022756
0.434235316249449
0.30329439682878184
0.2546659949732536
0.3080333505353782
0.2631034791663304
0.2807806880357969
0.27575296501627566
0.18867021716921706
0.43249877538859954
0.2970491218399163
0.36330350129425215
0.2799480586485055
0.3182976487665595
0.34806452933951376
0.1661044341865096
0.1896301657394981
0.20537572736252807
9.161531624284443e-2
0.27582876158728903
0.21033293347346257
0.4296675339124055
0.42760900030529553
0.25190994214848067
0.20200321301375226
0.3780871536502218
0.2602404733615143
0.2333968460384655
0.24983996413994936
0.19145138994221358
0.23274874143384688
0.2510750075217355
0.30054311082431184
0.19111416639920473
0.2563572049478483
0.30028581541683896
0.2484162997924526
0.4578108921587921
0.4263128087794243
0.23672188700475005
0.342106437310152
0.2850482337688699
0.35756732040829564
0.2991903525805838
0.23218118322334752
0.18715521889209796
0.3553577529114528
0.17822472396276406
0.23162166371138385
0.3579776830402262
0.21546885244736988
0.21112756660705298
0.24447041362935984
0.2859130875644312
0.2833629512889899
0.3669756869758878
0.3434762679660898
0.13588256019279873
0.5496997310599921
0.3417956912437616
0.24776478993527204
0.254448395594494
0.23392328771958545
0.381104085201173
0.29868745851972367
0.1994480127049517
0.28864409210607567
0.3430049738685195
0.29046291799819823
0.2529867716400183
0.19850606699249643
0.33891076800838366
0.2815861859223536
0.44858332596341705
0.3936390582879789
0.2955417502915137
0.296384964168025
0.31033478306040824
0.29265038742565774
0.24466449722401432
0.23989292617955563
0.3034032184884813
0.28607718279190086
0.3041791309093707
0.28556101856742167
0.3103202372791968
0.24924131030096164
0.33449987626832534
0.3795031227213139
0.2599021499886
0.4002894822251992
0.21160896716433714
0.1949965518499569
0.28405884260607916
0.4107809288699367
0.2508290197375004
0.24746552256555207
0.16401325904464975
0.3838448440973946
0.15636965315203638
0.26366048657226226
0.39288616914089153
0.3586057751957654
0.39972202529132667
0.25968356040512786
0.18948005730731515
0.3624007518586437
0.25614876236032014
0.21810757897151203
0.15778213894884036
0.2689620490298251
0.26396544570584846
0.33331878704302986
0.4020986667319216
0.13934051790101512
0.3362703366300969
0.2740098325033167
0.35343145481929594
0.4492571567603775
0.3619761332771886
0.4150952587116857
0.3304918991765081
0.18900105252109123
0.3077741638739858
0.3518929034515613
0.21725145229812015
0.23529929071015196
0.2589198457055745
0.2645404928808707
0.3059757603953209
0.33488343431456874
0.273569479373021
0.3002297959601578
0.2929950321261365
0.290672753489266
0.17287056623791655
0.5259689460214632
0.3117369241085336
0.279796398737319
0.32807408404307514
0.1499371068835429
0.15788986466423352
0.2048634864352457
0.5729705713246612
0.2371629197403901
0.5231067015854844
0.31791460246777004
0.28269815881260507
0.32022168954671215
0.4223379589532912
0.30496602452072585
0.39875104273581796
0.2832694519075242
0.3500949888999493
0.39978511741437195
0.19986268978663008
0.23094238949874635
0.27706540335541313
0.44456712744383936
0.4247462887307572
0.30812670886753113
0.3500011579421842
0.18135996493239234
0.31650817089806826
0.29169822612331503
0.2845180209842319
0.2137327417820151
0.2429808711605725
0.2038084957190053
0.15980112224903958
0.24845436057934944
0.14541962965246447
0.15009583040158753
0.41701394558390187
0.38267413451934307
0.34081188878761504
0.282838037239626
0.3273447104665221
0.3737455913605249
0.5120175417490096
0.13925176024441135
0.26501001341554115
0.3240379453931178
0.44158662622137496
0.2404784997089125
0.16833429827808333
0.2373479628304156
0.1952457307473525
0.2563991409546458
0.3636588375699513
0.31397867807230534
0.25918338816562414
0.2719295023326486
0.29951957987603084
0.39000281502763545
0.17537974889032415
0.15446447122601314
9.612441044482875e-2
0.41859575852226644
0.26925239360701897
0.44017898288531204
0.34933345545129335
0.2911546909361366
0.2724178169890606
0.21606070685485182
0.31846697732599755
0.29085537362140446
0.3614365362964404
0.3083411053382784
0.2584749705709801
0.3422030997515168
0.3946713913824619
0.21231966209973407
0.22742388111024842
0.13426103299958642
0.2568817154695001
0.33615182378649255
0.3063520512387209
0.3918106892957403
0.17464916869974395
0.45370609735771683
0.30293242302916046
0.11723081470782423
0.24988336447114
0.4203265592460338
0.39817955872452443
0.3196255344453924
0.34966419319951225
0.2330034375169455
0.1721307089047071
0.22180408079725028
0.23265475283439016
0.36790879120283215
0.2332491642907928
0.20223773413572016
0.28826940819891583
0.33078018131406794
0.24515728844723225
0.3162232491780297
0.2683104992930077
0.3504000615836004
0.32002433926184554
0.23957405947303617
0.4734696421942811
0.20158502374249848
0.1652737622865446
0.3507015565963908
0.2180059405011578
0.1290877549576553
0.2689015391372873
0.3752831368916681
0.26699785822153166
0.39210312712702955
0.23470328970131357
0.3361107610326346
0.20948977508930966
0.22287102030706402
0.14478576223845935
0.31368349320364686
0.22147282703747484
0.25306888636607844
0.21737671370716746
0.3539163448061452
0.191594405955674
0.3182872943395944
0.15845576074984521
0.23084344914304794
0.2962577167172276
0.36408443040257404
0.4099144075334231
0.39763031323223236
0.405353043472755
0.3503412610206088
0.17510248165032394
0.24969888828032843
0.20516224910146405
0.2801138849689427
0.34953718877651185
0.21823047141728552
0.16236849668213416
0.3014114906211091
0.36416270039514204
0.1706338317786137
0.3940844540347029
0.11311961319426148
0.20354156343256644
0.1228516322017785
0.39888401696594855
0.42900952752052623
0.23419691266195436
0.24889077476450344
0.36193158768036715
0.34775004772138984
0.22745450820191807
0.3439694803784884
0.4012538551311441
0.1791027424920054
0.15040840973274167
0.24945081997289503
0.2968837436601959
0.13059549375597218
0.19983451229868568
0.20381852341650256
0.3030634290290098
0.2068351595237346
0.3237369960359669
0.31017329977007224
0.360226117801822
0.26422355195967784
0.19144718692829366
0.25442428042181847
0.4412140574121641
0.24549655400724824
0.33126851524223716
0.3887201985683875
0.17995101123720425
0.3070773445613426
0.1972316836849337
0.31901059232555384
0.4668082594084133
0.3917301392879481
0.1755280371704554
0.261728462498967
0.2071315169607339
0.27240539327070623
0.2952576635488699
0.2077690560788017
0.37027747890350327
0.29778402780364777
0.3789627336842546
0.14563560993148997
0.37122635768727064
0.42146258898447925
0.22679616905786112
0.34674281744188784
0.33823445295364457
0.3143809050593883
0.3611971895923983
0.19034842540723468
0.21211053663277002
0.2571846592899258
0.26329074509988315
0.21962352656623335
0.290282296942031
0.31697216238759157
0.36547066124447947
0.30866586496614634
0.2453184591894127
0.24102504530403918
0.4629378117154757
0.28153692559841176
0.22318061365324665
0.27928282829982004
0.2536235651510132
0.22612603093039016
0.38086861437445285
0.15387210294567083
0.48299630470909155
0.3228003028321863
0.2699551951939053
0.2748717569054054
0.28434005758631614
0.21068433821061588
0.38109074656670916
0.2610766946366619
0.3701046907470399
0.34940718436608104
0.2654507123362738
0.2424700392879155
0.26471635283002426
0.21025376293542597
0.30405357277003486
0.3580377394632161
0.4132858968872963
0.23471861916809597
0.20519242329861792
0.21731922841588652
0.21306092846512642
0.47800187305720404
0.2808905357014749
0.2951941496493301
0.12480473334206707
0.3052349139768029
0.2765412306533113
0.19754507736047566
0.2592232087586083
0.24246281697482747
0.4257801642210251
0.20032689066509243
0.2989657335720769
0.43396671047496654
0.31505580020072954
0.21199649873392187
0.23078376708324505
0.46617361598944634
0.35522499324926105
0.2534461729722356
0.28595017205268114
0.42688740991119384
0.1344628279698868
0.34268679155784454
0.2991518851043403
0.4459724526941325
0.18942290639497422
0.2659878161741145
0.3176168833073668
0.5149053030013289
0.5128246510889841
0.12451220492838666
0.28925501425532735
0.21706173340007373
0.4187623872429286
0.29874018709264877
0.27777712731860305
0.22233989944694937
0.35267107622243077
0.318484664085684
0.26746347392187164
0.19997596045444302
0.27527621121179513
0.28538291933012216
0.3530304797011298
0.21208237760808527
0.29165547885766924
0.43476789036162666
0.22402925449695932
0.3191381210117945
0.18167981995391647
0.32404182474172005
0.5448497803094131
0.21883053328899268
0.38684107448811367
0.2374935663475807
0.16489806812532853
0.2235016635585448
0.3008104344236903
0.2854119757947735
0.36262993090495316
0.15036365826667125
0.2702797333967003
0.2532076460064686
0.2661567247120378
0.17783605999467617
0.2517407770596907
0.30486103509915685
0.3190527118327945
0.31080344780861946
0.2612090784053815
0.399916420308607
0.33185880207569074
0.3380921350099067
0.26901744295031094
0.4445441194001199
0.2583816668370146
0.2391624434803977
0.1691328908134683
0.30054937530153036
0.3797846000734705
0.2579086765305025
0.3638169840089126
0.32332099462570896
0.2655086048553437
0.28824813357481516
0.3653860764240547
0.20086051856595763
0.2287849396582729
0.20195645914100108
0.32700794386482734
0.28904472561057515
0.16175653929039122
0.2176590286526614
0.31309181105234696
0.30097820830408417
0.2957962320625934
0.14063888786973994
0.2527632640147169
0.29200919037306455
0.4217364725438532
0.185179085858802
0.2692277375773945
0.2784123337695073
0.24689394054992503
0.37019170325717254
0.27580514206042617
0.23006080668586618
0.18683664656122617
0.16415237930976606
0.2817695428214709
0.39454213249390746
0.4318019457506074
0.22725156175439523
0.4317704269799334
0.2616248123723861
0.2577191867460188
0.26859150313430524
0.3207359454175222
0.28641638267363134
0.3344055340139861
0.32228368969273247
0.38160888576345803
0.1122864212229302
0.11877976428340302
0.16132685901801175
0.20635156730760648
0.36181609614789345
0.328248124942467
0.46345912582024146
0.23921341217574188
0.3616200034779748
0.29527561207685216
0.404216403304133
0.17986087476732368
0.23901680009820359
0.3510346782808156
0.3788223360286693
0.2512520651502822
0.3071837898140858
0.3794330464213366
0.23471815369811874
0.3313799981058243
0.30817279063488634
0.32052022443100714
0.36049170192699603
0.26596212216267007
0.26137622145549655
0.4439623400084686
0.37431687823417154
0.3244481501405089
0.2921040846257258
0.23209823769507315
0.19101630172583023
0.291735957455337
0.2524398686949151
0.20535048444056123
0.3378132623635152
0.24886555346964787
0.4602286217310848
0.29970830017086014
0.23459623214726352
0.25968076945496665
0.537543074650009
0.4006181728598766
0.3392211497675457
0.30763732095965785
0.2901595661202905
0.3032179446782952
0.36755076310206436
0.19720301878141008
0.313358071747792
0.4346170850526936
0.31901632931885826
0.29203888040013354
0.4289828068603524
0.23302279888830096
0.27630652516610965
0.3585822353600864
0.27962611466211496
0.18374592032492423
0.20730576255165173
0.3595870641252999
0.4452090691089253
0.2336754422978875
0.1861287442290017
0.38101338996878453
0.25905014959773814
0.3052115036294213
0.2830625085864603
0.2682036776036758
0.27095891845590436
0.39722785836598995
0.252801164697528
0.26219162131171253
0.3819042091051529
0.22884990764466862
0.35796516211334795
0.27269033224576367
0.3480870254139952
0.2806737110008981
0.24980050758045538
0.2965357684407162
0.22662189287873574
0.40402614033116846
0.2611273248149035
0.3076324170336601
0.280254025785965
0.29881426729387556
0.23558596471781726
0.2464490933680114
0.21661481217715162
0.25095043872358774
0.36001762111787283
0.2686061921941557
0.3176545585912657
0.193843749395594
0.1912920964966743
0.17829065341588873
0.28997656846833525
0.4115087982710703
0.330595110263952
0.20427137800769013
0.30984832506463106
0.3812593005415844
0.22631055201866834
0.3010410020829196
0.10299997849986393
0.15235639311418708
0.32908235111698325
0.2391068048911406
0.36984227494941074
0.2514180490278927
0.34607260928920025
0.2315372330016408
0.38653737910610014
0.1198716026079973
0.26153193170127254
0.2607037366080826
0.297259726300168
0.25921122472275676
0.2502580103907851
0.32090274721479156
0.3006310143757899
0.24311454158232454
0.2632773887267879
0.1102874950929598
0.2594714523831942
0.36606617811384773
0.2133929726700714
0.37403784798360606
0.2630978574253128
0.17476517621685136
0.38874788257307713
0.20877225519069853
0.29411439747519263
0.33639663883690263
0.2574058072506875
0.23713459752444727
0.23548856180560537
0.3286858594059111
0.3792741332918396
0.2552481260769523
0.2890182504120425
0.2963877976590258
0.3363254698561039
0.24707814584095233
0.1672315254267342
0.39216692248366114
0.2511657693885649
0.303293366766026
0.13119791969715194
0.4947603888751083
0.25342421136697446
0.31351261177057654
0.2369678917498656
0.40365082150847764
0.32377153349329496
0.38080628501755015
0.278007900251397
0.4045055385080161
0.197716068342403
0.33787774854548636
0.17481125389371266
0.19409100755293762
0.23846597916870596
0.23638043632361586
0.22807054071199975
0.4001599949880042
0.33953268580572127
0.30670690192553296
0.3221352287375095
0.19495525498383387
0.3908442748982406
0.1771180901618278
0.40449594446951326
0.27298444682032075
0.3361561936371328
0.20271171485433567
0.32332702120427803
0.19756487595646385
0.2393406489371035
0.251039272209035
0.28004513162455635
0.13932402810100855
0.2883432898802619
0.29885005990933705
0.25384394595592447
0.2933365657703163
0.2943000329232469
0.2809986239271648
0.28554107890641256
0.23881135455359712
0.28029858386880036
0.3737348713972845
0.2047066178757432
0.277992839232338
0.3559301776003928
0.26007730470604373
0.29207363461243807
0.29042533866607095
0.4444292406558391
0.27043053323653743
0.21319806421404416
0.19326938026589366
0.21647716391610378
0.42126634598296303
0.3046987169569887
0.23209276666215448
0.28113412576824753
0.32277486825956275
0.2643969515208554
0.31336804528596357
0.22846224237850077
0.3766737982797422
0.21615232686250221
0.12329806390817002
0.3026991106348321
0.2800897192544383
0.17662717090070695
0.3252561732160867
0.2817754918003382
0.2977531054187932
0.3710699541462496
0.18899481634680843
0.30557076507808145
0.19415693722022095
0.33322028525500225
0.3851889206401847
0.38585933780702203
0.26716788561027593
0.2627379517203363
0.23962762499722942
0.318719713371478
0.24780259061753246
0.23302441714930394
0.2434876110315071
0.22556977611564913
0.28545720562623494
0.5733837872977088
0.40154087969666286
0.24570395501697426
0.2531919916634545
0.2350469770901368
0.1532463550682071
0.27547897766804647
0.18062142711757204
0.25610816502890865
0.2819696038280294
0.29736354578385704
0.26079560136909746
0.38033516255287886
0.31175851803872145
0.2524152177794419
0.24654611796948914
0.39230855359706546
0.3307671531406894
0.26693321944688114
0.15841393022428868
0.42792234480313684
0.37994153943222897
0.1803159714319293
0.21379020938903795
0.21185710606547628
0.36149339175519374
0.3719609621539499
0.26978370955241415
0.3963876351420105
0.2411016860424465
0.33618411206543536
0.3926954995674223
0.25386636829361436
0.36411716696039104
0.2569287083040247
0.39172105186709205
0.21140381375417472
0.20097557601757815
0.20560651096418256
0.26559860956524767
0.3296872111903366
0.2821022268171801
0.3259594493637944
0.27353574461042807
0.22551030525288115
0.27269275072913957
9.336713582624746e-2
0.2135856490199949
0.33571430941353636
0.2846947566510399
0.2439875481503012
0.27111041793392265
0.33060278893114836
0.2319519126722783
0.4315553079086847
0.37471882426733205
0.40405274451283013
0.3470712060538954
0.3358692839837947
0.37006828071823555
0.2796337213051158
0.3109526053798028
0.3517345278298166
0.36890448693744704
0.4031396491138599
0.1705753427228732
0.4321300130113463
0.2575059716259974
0.21620860129480005
0.20287137993424112
0.4138720989869854
0.31547352185774674
0.26352370548607756
0.27062331495109704
0.2650887239987301
0.2219936186151596
0.25227476627831064
0.19784133142127278
0.355264293932089
0.3562743463157284
0.3437909012307185
0.39960538118777134
0.3551021505407518
0.27295796630792873
0.4260012564314287
0.37416888022878975
0.26724740229905974
0.17003461064908998
0.46455580720462236
0.23793863149375366
0.3284681261095088
0.182028168030256
0.37267909642590924
0.2555333407199657
0.4717080490866402
0.29493060906023016
0.365994070597993
0.33157581119240875
0.3667225813103441
0.420557797894802
0.43468736698704824
0.29189085336898135
0.2769565918534386
0.422804105512539
0.2933188430967203
0.30917027156918886
0.286849688580307
0.28942890538514526
0.31906636479309536
0.35340646840248713
0.27199995060995125
0.21701937824017165
0.44736572347415404
0.263844872374431
0.27780007902096426
0.2061639996849441
0.2506009793307692
0.22363237810689268
0.2558835246336887
0.23682351859642842
0.36076509213203634
0.2002837390776103
0.4293134804231258
0.31755015221881544
0.28797407148118037
0.3992541878246686
0.2869863275370854
0.3075617325608193
0.1594909127933565
0.28190043144473165
0.23471098785855476
0.22813817828996513
0.286886749926662
0.303492097245223
0.2767527167937536
0.37208121048058485
0.24168430696958296
0.4006232922522631
0.26721732158080236
0.3226415454793991
0.24652218848954885
0.3606334481083348
0.39667416391517385
0.21529691924580757
0.35934047299286676
0.2788158080621323
0.33022594013807327
0.19110018318423952
0.44503869275885705
0.21175141233770436
0.4143391383670135
0.20796782753267112
0.36134686910470076
0.2422323177423245
0.3471927021173188
0.35376340906391057
0.39776998227436816
0.3064751096437797
0.5352659192507694
0.2204662635241566
0.4024526818306035
0.15971417247289438
0.3266445080696285
0.39221731921141245
0.26354973152702116
0.32420557190093346
0.3349590640437492
0.30724685924878353
0.3118714627195578
0.2644958272602792
0.19524299114448213
0.2628677842889615
0.40177830289636995
0.27154307496471974
0.25274609656473185
0.19849650103945632
0.2975610338217204
0.29100911386562595
0.5433473498015662
0.28884354941198986
0.6040188209945775
0.3484861349412331
0.2940263068391137
0.19069609710324648
0.3295926579741882
0.4413642254776634
0.37495796120311387
0.24693348662509704
0.4259891710701725
0.31560963256910435
0.3426361888362484
0.31780368299370254
0.3115015730527591
0.31696785258458926
0.31622557086208747
0.20293071049438766
0.32889878916662696
0.23268033476219568
0.2804157301249329
0.30854166224800467
0.24860180041998028
0.29086733159695327
0.23615146046480717
0.16398745993095956
0.4026894474010959
0.2957716724237159
0.2303907077451838
0.27741926956713436
0.3663042645456329
0.32612546513095964
0.41422224329369345
0.3551127196875672
0.3735718716480987
0.3248529871108225
0.3635025469541864
0.31231915575621905
0.2311935919690077
0.28773491697383713
0.27994518564854987
0.17338800652317282
0.3517425875207468
0.35330212851693366
0.6029791587044514
0.29352676721855286
0.24954051676360037
0.3290728641237322
0.36495531066811004
0.3002683304709812
0.347613512503837
0.28327327206759484
0.41356636060309526
0.3089079557761106
0.32818174827285757
0.4027376993234313
0.3283378261176796
0.32967948988512463
0.41118069416300396
0.3042618008033802
0.22167236428681045
0.4335384596875304
0.22692385851717983
0.14607238468820474
0.20976175017725981
0.2536382854148627
0.22652976364037625
0.27416725783997153
0.2758236452763777
0.3271239439219638
0.40594710261906686
0.5263554133555683
0.18645032738100814
0.3326065427436962
0.34481175168878836
0.21585512546356928
0.24694673452129834
0.12627447454992713
0.4237383748411768
0.19508971718890306
0.21830580379371503
0.19442490184529224
0.26431198644268195
0.3389261397601929
0.31121749823569905
0.2537728167790426
0.33605763233432656
0.19131797694979688
0.3152826547238264
0.24317344191701742
0.2635455821534841
0.3016878839933429
0.3849956274280609
0.3973391665567728
0.3150133019962026
0.18682670130844697
0.2802652294227241
0.191403762272555
0.3081011608627338
0.25043613016433586
0.2392932387207452
0.2601453450950736
0.3643018319902046
0.3463385879517166
0.2513655418220819
0.32457093735150117
0.3395440226840867
0.2383843919283915
0.2521683093659407
0.18206418706507344
0.2605521930168477
0.2369302133761809
0.17897434681784824
0.26065309012270715
0.19866597823845344
0.17998361974492819
0.38045320933581195
0.15256346145280303
0.2149229207482577
0.32216123683548414
0.28061958072703386
0.2556544379843636
0.32311983350339407
0.4430913498399883
0.3837710452514802
0.2493109284267835
0.2624576920208243
0.36051986484859266
0.26165943127446434
0.382336937222879
0.2819661607495262
0.4329279256094756
0.3076178422002602
0.23060215971089137
0.31646173356359936
0.31577527641569114
0.3045619384594662
0.22929929971355403
0.2701802236451076
0.32342910024609134
0.26370114928998883
0.34705020006040216
0.47190448187477074
0.34928141717737726
0.39781038828580473
0.38439403259687677
0.25652120267606454
0.2623229930729704
0.24174737666792284
0.2059309639799173
0.16797064689786873
0.1896556639535342
0.29882726810989785
0.19761304482935532
0.3962266152348165
0.2929934156018464
0.223388884009613
0.27175535916611293
0.3488230027120319
0.24179404636817575
0.20448965250510528
0.3121534832060827
0.1778092579194836
0.23715685555452212
0.3439658552472057
0.19903636902779714
0.3711780061202778
0.5225935653980317
0.2701899637896258
0.24294532533253504
0.423053705327297
0.39459541244684193
0.41655565606055694
0.340013737812885
0.4100635868109827
0.3837680994079068
0.16427036878485174
0.23281038671758064
0.2686125812536531
0.4077791419710393
0.29095464601202303
0.4004244502342935
0.20452980217675126
0.31095706251573924
0.4125185077386136
0.27181438844301986
0.20070002771304854
0.3146304277105648
0.30003682665703213
0.38322764103040474
0.2790812731531589
0.3453846904715874
0.28649252391878993
0.42458574803944604
0.27178005173934305
0.4065582859915621
0.28445568979042457
0.241998140299359
0.2751035523710228
0.3306003849065591
0.22411690404567502
0.4614259108143887
0.24447219744674248
0.2702056106973707
0.27950900143858803
0.2576307759458526
0.2657147419304559
0.19469888816136227
0.49761504700783454
0.33312960168164674
0.35125107608794187
0.2597697826055347
0.29022240075029615
0.3026056844608041
0.3541286487914863
0.33834692551242895
0.25780945757958584
0.3203990325983515
0.449668684293089
0.2704929883761437
0.4161656101264941
0.34073311118421123
0.24701323442520887
0.3175042292504101
0.26807217646733816
0.49594396770310867
0.42659535796832077
0.18124176460254576
0.204377589207213
0.2836594540839557
0.4384924436600649
0.2385080784952236
0.24684265144862655
0.2887817288531903
0.3744386828421692
0.31907255693190767
0.27447291609669955
0.4172993311923105
0.2888321672790661
0.19365235392242078
0.3143481547308681
0.2676021613081562
0.31901283947251297
0.38336023864812396
0.2746282628805356
0.3953756180969884
0.1310907881810754
0.2778477823077051
0.21177766665560452
0.2231362183410608
0.3134072525309418
0.3822129297280553
0.30034545642811894
0.4207177431590239
0.3484638156093923
0.296638997340773
0.375529224550626
0.3623104043242347
0.26048224162197525
0.20386282761403107
0.2840008123554128
0.31705137264295713
0.2911997674774175
0.28274529749182464
0.2548169570561186
0.2787318845059822
0.30618535750924625
0.3953035166711145
0.30958179473458647
0.2935688027231743
0.1513756315153935
0.30368946296734894
0.35065361662852107
0.24164287490891403
0.23540363601929332
0.24340922761819872
0.38351328521631134
0.36104655865712804
0.28670729847406096
0.34236420025250913
0.2177821333724542
0.2598539335776736
0.35548557911436407
0.2725133004350415
0.27598009757086484
0.3711458230216186
0.3398889420987092
0.31320646975873034
0.3438453639198771
0.22625200584255553
0.2363266593133439
0.22408474610187418
0.30758585337125444
0.3758933216715712
0.34804964385594966
0.2523503778531061
0.3777751517327017
0.2622822701459536
0.3453777748893632
0.4530369287798034
0.3261666373721467
0.3053839333254721
0.2833510576037487
0.3026299498472043
0.4782504456433882
0.37092902878609973
0.21725142454290217
0.38282598836275267
0.12037282983518387
0.2997363331829913
0.15614079474474632
0.23658366139984865
0.36776566121134496
0.34321633609407354
0.41011262544521365
0.34882380296791965
0.233031769045774
0.37334128086769175
0.18896563833155078
0.3386476581847956
0.3096033815984399
0.32236649349495733
0.36384963700993334
0.49472325383414806
0.33760828923504554
0.2889058020529852
0.3457577416216854
0.2469458494620575
0.13151140501096598
0.23014387754007978
0.23864239688534786
0.24459739926780077
0.3923394064689675
0.25976248307771516
0.16772617290089595
0.263173149920293
0.2365350835580648
0.2802000833853413
0.32823554400283705
0.32063139530297224
0.47198425210964273
0.20827138745430956
0.1812278642653517
0.25089340954333367
0.35791130912336544
0.24539113261951356
0.33460472550099146
0.3247160016472562
0.24371139221925558
0.23195460701761283
0.4179876735738535
0.40175862224234465
0.2907280324168825
0.4295213023222414
0.3190270662179443
0.19945209431751046
0.32036189417313005
0.3944743299554815
0.26151410616599446
0.3497592817751872
0.31882757636726045
0.36909264565518596
0.40912945866512035
0.25760714106629307
0.40313526977728886
0.2749937906464169
0.29719845844200354
0.37070661520457077
0.2077214689251484
0.3418684718528598
0.21815840197647507
0.224804093091809
0.414314278897549
0.208755290617612
0.29419550472337064
0.20442300169387845
0.40206283016311783
0.35074089260654395
0.31889683398734514
0.22001410201049945
0.28460866253114236
0.3854478142015264
0.38150296843377796
0.17304045618416083
0.22630502598721902
0.3301191013422102
0.41023976565818127
0.33509811846749893
0.20398579523790783
0.3012175527812579
0.4377181722388692
0.32327253953926527
0.36916572610723364
0.40139550548076974
0.23487515869374187
0.28516128205968155
0.3792323650573531
0.23731273643577602
0.28156532098532805
0.2860326354349892
0.47554048729929904
0.49555111859806295
0.21147538592283927
0.3915212981252452
0.3985446875490293
0.29285917108700765
0.4364054870663107
0.29254650106480656
0.4274792570331435
0.27576107235155606
0.22381266912551373
0.3526084829688199
0.3232002609497058
0.28136343355758975
0.3816752956685172
0.1502128824574288
0.41885666010504696
0.4249058312996377
0.30073132726905694
0.20039333813745688
0.18874450273274423
0.347692012109091
0.31522999629573295
0.2951316460512382
0.4576134128442745
0.30214386701361207
0.19226390147269018
0.27464564530258834
0.28010093197410074
0.27062598932102483
0.47477977615426636
0.3087690523281051
0.3825268446253702
0.30512253448365667
0.19892719848733906
0.3121708496326412
0.265178641318787
0.2659495407301756
0.3514381738274509
0.35426977435410634
0.27862779592752773
0.338060344036499
0.23778112807529883
0.4315434025644313
0.2807527107120871
0.3307808581869686
0.2917135589516757
0.19585702972470903
0.24531499825365355
0.269716147441976
0.23741627976157975
0.34744598658544257
0.2479949749153813
0.15622960536512118
0.3824219825715517
0.3635630741305551
0.16826648511554176
0.20326492610350622
0.28912211263209775
0.4811174571901419
0.3025787128040808
0.29723760457168946
0.15697136327860775
0.18348012542103462
0.4090256828209068
0.38617167418559684
0.24977823507094427
0.18723979411057254
0.22983381134964692
0.35246987342866465
0.4210817167656005
0.4529340543504091
0.2429176798922604
0.3904514661349072
0.339567260619343
0.3046513275599752
0.24863066072041767
0.5334275841312545
0.29004985867673744
0.3165263791000631
0.18992165608464084
0.2092235008548108
0.39595390984887263
0.33588519350496737
0.3710752448783377
0.1795742271100429
0.28399353446354797
0.3678554972779243
0.3702952248464553
0.45670080389852374
0.20435993344983308
0.3094513556337958
0.228812270836578
0.33573769918309404
0.3586586101763999
0.25784886359244574
0.3453518143569623
0.3231621905567028
0.24352008372084022
0.2094103999977408
0.3841349267784831
0.3471160056038148
0.426495897495339
0.2852039086479758
0.32111295471122187
0.4076978975929527
0.3602739010875699
0.41138919677777847
0.28764908179937515
0.32500069591966263
0.2880683371645998
0.38563785512531856
0.3742245853605496
0.19956822668088675
0.2872710034022461
0.2873850924138626
0.29463434943778616
0.20251502951500644
0.30645060686469094
0.26241522096834946
0.3638601315645912
0.25262159283316377
0.2517745872562904
0.4163806105364989
0.29084026214017744
0.2877882130203404
0.33079587352753476
0.25735739234067373
0.19741355331885807
0.28034029480510647
0.17681038798703724
0.32125477407010716
0.2358009640780289
0.3201531238878229
0.3049662009906539
0.32238396724372154
0.35923667592164066
0.3439527725887778
0.33283022748326263
0.16861519915085577
0.2858195665554742
0.20970685270691436
0.3450346307508264
0.4889509717304444
0.3569494386557219
0.3442606492624263
0.272467643224262
0.31015977451978466
0.3193808422495083
0.22177946076732144
0.37371597569506093
0.3965607790320339
0.41434850095493186
0.3274451332304603
0.2923181955869708
0.1458122312773143
0.198707627869615
0.367760344909618
0.3107736516450288
0.32986082967651853
0.2183236815060967
0.38341356669970517
0.27451247448214117
0.24212401886527993
0.24311630975416984
0.3011820980615429
0.3249552613021103
0.24292573353812505
0.3156981169757257
0.3959484046324987
0.33949816016497625
0.4860139702122022
0.30905866518668385
0.42489253500609997
0.3516050897191909
0.2365276588795706
0.40358211667615507
0.16256863516764425
0.48974167977789157
0.4507429331147542
0.28026966940537246
0.20840245222843215
0.24402663776104777
0.30286815652064664
0.34831174115723484
0.1333797331972145
0.414673456052154
0.3502469905755913
0.42057259058817564
0.33069663564566143
0.45238907647422516
0.32762303234393936
0.357006453860545
0.2758676952887293
0.34535944081172876
0.22817085960561562
0.2482734087881191
0.22373922327491097
0.4263930762702562
0.31633228990841344
0.4504779083958148
0.2745013632305325
0.2162696790444057
0.24414611561030958
0.448600452174611
0.2646410642077434
0.3761210894210717
0.3231942981206573
0.28148954500696516
0.4327224309614114
0.3469222349861919
0.13844671265871805
0.2367978707185563
0.26741182332645497
0.3214955986551915
0.2593364772100326
0.2939987729794745
0.24540917635555584
0.3642638407169151
0.25370742435605126
0.3952437951807237
0.44693140226051165
0.34898953919133496
0.4056666883613203
0.2842533468420737
0.3206642044403508
0.2976576744245203
0.22927063157174793
0.3232712957922041
0.3073068421981064
0.263014920066709
0.3182218367551852
0.4573926796536556
0.32081864167476615
0.29667617697988574
0.3534748766911865
0.15618502016007807
0.2249173643362481
0.16119010437538725
0.41067933626276715
0.21518840013837356
0.28034708686026033
0.21009048109291797
0.1897341599269122
0.3045437064637796
0.2747552991589285
0.27130722075042546
0.32129000842478195
0.4036518498378282
0.28465099955162154
0.3574757512113959
0.24975711481449067
0.2332930601734457
0.34314537383982413
0.32199610873305984
0.32787883138167473
0.35543982821620257
0.36834413380693026
0.32686199422118245
0.2988740762413942
0.3932088233092847
0.27183367147645987
0.25052775765504903
0.2016189893004988
0.16597645793757612
0.15563321732517926
0.2526680323539803
0.5288084243857506
0.36825464681667247
0.28558600555287345
0.3004361619822856
0.19930817772570125
0.34892888439815567
0.27849720537351036
0.2716428981204534
0.37213945359901207
0.27055590864823104
0.36486464953774134
0.2294556218895539
0.49094196325460404
0.34182521073678124
0.4254633593299849
0.361922236705259
0.31083858429518657
0.3997956752800208
0.19858463687505176
0.4422254418212869
0.4372431668976299
0.4564504780639041
0.3200776789514056
0.26877154749596016
0.6312874434068685
0.21195426706572196
0.27761638954730544
0.26998377753263136
0.2797257096174583
0.25491275581403106
0.40255048195801546
0.4008690816072272
0.15991280443272884
0.26678254902931525
0.33976790038291876
0.23814109555480117
0.2395981919750195
0.3709071997884408
0.43565178972003354
0.28282178241770395
0.3415472514686974
0.4314540538551748
0.32146271432435797
0.2650707948352105
0.2660764443475962
0.3212207579728704
0.2842409398046117
0.29336951920759113
0.26045003294422064
0.2092885191481602
0.3709346029332786
0.35641517069702283
0.3348067868130579
0.2728183153149999
0.35895517700736557
0.30787460788331766
0.2799042426792139
0.23774340881649475
0.42467044098106904
0.2725820807417055
0.29684747117185123
0.23045011225790174
0.3179071819664248
0.3723963791031215
0.30404493048838493
0.29880690161649615
0.36624542690788137
0.16257494045260565
0.27532596784845903
0.3174891240021393
0.3598709156199134
0.34444550274442154
0.2745250276251587
0.3198320528710649
0.3453154001501561
0.4609681750155727
0.3560019252094199
0.25406012978487263
0.36958912380975983
0.3127394095482591
0.17706464985303597
0.2795967902399295
0.23765927962046543
0.3904127966244097
0.27740496180845536
0.4744017101081136
0.23097289122698778
0.22951916804384562
0.5521501390580034
0.29216491649772536
0.23272028777931825
0.36710069427324166
0.34511493827414674
0.36299026776316595
0.3347784613892337
0.27397267848807394
0.3685998277650602
0.46235180310425805
0.3353118451827485
0.31405609926248595
0.3390517230079732
0.3313243941685562
0.4032465339481022
0.4145227397711307
0.28910731528976286
0.23681606946692996
0.31214510339471147
0.21623338450567112
0.4318325691404118
0.4003471860105273
0.36597715140305587
0.29440941164622664
0.24132829032175782
0.4265987101781402
0.3290878600242793
0.48045462168837777
0.25179020075141906
0.17800442035299688
0.2639532709730174
0.2927387150603421
0.32704433316293435
0.3597746108623308
0.3396356933193699
0.2812233500848017
0.17113921632996887
0.29264959364622434
0.3922632445930302
0.3020261631283985
0.19989842262709673
0.3261032420968298
0.2989653006229246
0.2731769627218495
0.26887784190385455
0.27984191870640035
0.24156555586167205
0.29651745958695946
0.39854653443527566
0.4743038011368917
0.2729614191802059
0.17594752652766948
0.3333989557322664
0.18913942485412377
0.2864036096600791
0.43560661113483923
0.1651055989266787
0.22188699679789692
0.26430167983335473
0.1904091487900891
0.33831284638219433
0.39533522448207914
0.24006806602353134
0.34394935762931367
0.2541500740346786
0.32197733646478666
0.3368137985921772
0.2794440859214121
0.2093271545013792
0.4291881844630857
0.3620184007145162
0.4186387989075433
0.39458952175332296
0.2915634523439382
0.36618256581068603
0.4214333189475111
0.3138719324380149
0.3450243832517231
0.31694359554696244
0.4930926901875263
0.3018602427283748
0.36509991545818155
0.29422483805356703
0.39090295018106114
0.34291561349605393
0.19998285730709794
0.21697712824844126
0.3847874250527753
0.24234556270684884
0.21492714266652863
0.32019157653535746
0.2420703149592876
0.3296234642572317
0.4034172634089005
0.5618071433198709
0.3424750449170122
0.21775998341904773
0.35588405428449
0.3085074520971701
0.2887766582887196
0.43516996311259143
0.3903969145040187
0.22975265723178154
0.3907692159661212
0.29814026137631916
0.2866584237540238
0.2811232734167378
0.2669912741688481
0.23554795007713603
0.4161454471351559
0.2298000729142758
0.44673033862840306
0.41438738201219155
0.3515530841614827
0.41384195475501456
0.2875913215746853
0.4429242846874211
0.42532028608787653
0.39483619758007205
0.30194676607206683
0.32245769540184266
0.17471239799430666
0.1635391514437992
0.2521982532223117
0.33633901751983275
0.27691213546321974
0.31862881448969443
0.371494272938021
0.26818201766991767
0.3139700295079907
0.20106414578180187
0.3101262879315043
0.2856072244993054
0.3441841843546699
0.28701303204951556
0.4440464483822243
0.19012990824113335
0.39198576502817745
0.31845199687459136
0.3420058866432142
0.39202183471160984
0.4359135005992104
0.26936629976127824
0.3415294924789817
0.30257045847598785
0.3862649332746802
0.4100198813716016
0.4107430140822722
0.27876528517544347
0.34714743807727516
0.2405196334861705
0.2658137700887809
0.3135840373102303
0.4207557784302317
0.34415415354718226
0.29442688962765845
0.45120874876534567
0.2619768780909691
0.2913334469785295
0.2911016807977829
0.26811688811692447
0.287418516682829
0.3445976028762058
0.2004089070718061
0.3668124138161753
0.371394091235389
0.29754045918088723
0.4146609956714801
0.24005164718636657
0.4224866102640923
0.35575621609390173
0.13481787344589882
0.22957266834975049
0.218864248391924
0.2003991047286937
0.19937061734924172
0.26518766065077404
0.3042359763903984
0.4342496205749879
0.36114437239972264
0.2761261013350377
0.16453230154725745
0.2480709652988633
0.3399221504985224
0.26728051658853424
0.28263953293754995
0.271853846464792
0.29031491475732935
0.3787792226890254
0.27418425917666045
0.2536402197123249
0.381677340865059
0.24742968043038224
0.34458618338285857
0.226886846992265
0.3707555982233072
0.3558171798686976
0.37034273497618064
0.3444244102648582
0.30194799204658473
0.2963829021859826
0.18092412962129617
0.39365678002696647
0.16185823815751474
0.40923144085419894
0.3604596131615458
0.5131494485535079
0.10697908136083542
0.3350362030107874
0.3320482683760062
0.19638365018498138
0.3872301506707426
0.27527973166358344
0.42193513767042584
0.23641671299406286
0.3073949031571835
0.2181615388331058
0.3710990063739267
0.30284759857722066
0.25688745026814214
0.4362602530371295
0.23447483970697203
0.2542495322132913
0.23069622280950158
0.32102921679051327
0.3652809039464666
0.3546991167408616
0.46643099461571447
0.37766737824981583
0.21624297456929603
0.3986811482844253
0.3366639314748527
0.2900457608054602
0.25336531907331233
0.33601102350608947
0.44807475497927773
0.3270919821385617
0.4017456917584565
0.39239309193031735
0.30021931587428885
0.3074730340947143
0.30938068886524456
0.380069917397459
0.3432696898863514
0.3210767716397685
0.305473253266614
0.2274143733523009
0.3621582626951279
0.38113463955020493
0.38781710513324336
0.3047660708538695
0.41337658222579277
0.26845615676774537
0.3743971335033427
0.491627751249289
0.3352577888179523
0.44387482865901784
0.3803847361693906
0.4116866973464123
0.3266068616279966
0.3242955853583226
0.2349330297287043
0.3569801331699408
0.3454702032058899
0.3457039132565015
0.5018820473936701
0.27719449355904086
0.3345589856903123
0.2620563417337662
0.3334135905524923
0.32644692828153565
0.3145701678358953
0.30226661638043717
0.27966587711686364
0.37564134294258844
0.38400705449034
0.30285305187263467
0.4540727813133564
0.2747626605630795
0.2503399784247171
0.22373576532235684
0.4811234185320565
0.2653129076564821
0.43740539408716594
0.2956369965496175
0.4250656377524454
0.2776513018411166
0.4814103338100508
0.21809840405712827
0.3867143943242021
0.4122338373964693
0.34469896555574164
0.26371706790574395
0.2068667913151409
0.3925060860949919
0.39063574649334715
0.2860246182623253
0.34566507981068234
0.29904288904582843
0.34304939055873385
0.4211248606303012
0.33562023285169906
0.27084444725627976
0.19483566059033733
0.2731057883222935
0.4041876000089134
0.3435555733363018
0.27710653149427084
0.37799304744756446
0.4845329781716948
0.3619117338653829
0.27635009709872177
0.39774678308105527
0.24714830788121622
0.2530484574518204
0.2545715321759659
0.1835890316224241
0.252037782907533
0.31522712944339365
0.24066871527183661
0.4010328028581956
0.35816202815504
0.2543906670763866
0.30673214720760705
0.39912204090869075
0.42482717389004704
0.38339008678385317
0.4501052658612673
0.3547692362817731
0.2568503708568029
0.30617176559364684
0.3280349532639396
0.4237493234627747
0.30789125871744033
0.3117624264356183
0.31748558507236846
0.32083018599299457
0.3093760025778326
0.23106297761261568
0.4159953911282409
0.3008486844605339
0.521714783650868
0.24079111656471106
0.25813498574033583
0.2140605461107547
0.3782793904120175
0.46907935593901484
0.4193578967830989
0.2887295218713033
0.3054293824178669
0.2744123971272841
0.4729919459526203
0.47614740836363223
0.3775850612641144
0.3685283382538531
0.3679970077128966
0.35055569262114644
0.35071333726896725
0.30679907238741055
0.2218924207351065
0.25280343967550667
0.3716801287280396
0.2484740838919152
0.37275469267249783
0.41185849304808925
0.365155483162236
0.30017456394059583
0.23205319360968107
0.1974139692329076
0.32353970874716853
0.2905837700708882
0.4590071947741011
0.36334847346599275
0.36055928849458063
0.4228736980911088
0.3144058652290237
0.4008441647484292
0.17855425891748627
0.24875349828460136
0.4082976067666174
0.35753242517458705
0.374842777407256
0.4654733397935198
0.3330321030761642
0.48106047496230603
0.31865112576480314
0.31654916401599376
0.2990657651709534
0.34732100444120123
0.38393465177885516
0.2076085395907273
0.34519081336609225
0.2941625127469008
0.27770809996872164
0.3477337346246388
0.25725099228063164
0.3164408830691985
0.39758762652427787
0.25244769083875845
0.18230901750990144
0.27730369675319844
0.25962361677829715
0.28373284465286386
0.26218811923615737
0.3033606407577992
0.27487779288740716
0.3103000056532688
0.3643196652486918
0.37371183241036776
0.247182268803752
0.4688725622762514
0.32515833860400906
0.362322677466928
0.31046058424144973
0.19753533986360178
0.31673598447107165
0.34049876467120205
0.24536701667705021
0.38135884839027556
0.2328684088224155
0.27795837846569965
0.1901607171915764
0.23793153514272958
0.32839600828660864
0.3301947051422476
0.384109059771087
0.2589029913868856
0.3450230989314366
0.21894863515726865
0.3823743910683384
0.4004946035731282
0.36532087071586117
0.38194703934720936
0.3761791508844736
0.2835429612007927
0.33316946705175926
0.385338206683311
0.45819091722614347
0.30094842374556674
0.3287022220249851
0.2873842304326335
0.42149435797819884
0.26652586980009196
0.3485613672233492
0.42974317708608173
0.4366300208838963
0.43886769492836575
0.3993951413064008
0.4246039335930779
0.22414703886046636
0.32515011984332215
0.28284907363976963
0.4456324377812056
0.46206931606858087
0.28811988760886886
0.39562389055514646
0.3834540445331676
0.24960721047806614
0.40510995867442634
0.45866919794485295
0.26643119663839887
0.1940087857207379
0.29133003614693204
0.40989355036048547
0.2693264196994384
0.29961376595309164
0.21245068764433564
0.47883433874242537
0.3618295353982038
0.2876912250688174
0.40663401120800435
0.3150014464052276
0.4932611308222091
0.3698905578199279
0.17815756648700312
0.3091916180852023
0.34184517306399653
0.25589353938984993
0.37330511430735164
0.26689013312066506
0.3678011046371778
0.36548863602692316
0.31816992494676627
0.20085734296638952
0.2766164815710836
0.2559945694056883
0.3516784896252142
0.36219759698162113
0.277655501979705
0.1679684793669071
0.31467999026327814
0.2534413181680103
0.1493282457815036
0.2646427568767173
0.32232300669165725
0.32816559511378685
0.3954683304274029
0.3348745623245962
0.38934222457181383
0.23951958514194258
0.3801249071140768
0.2719050860316397
0.19163493294637757
0.24006612769620533
0.38627259622543636
0.2652371478313314
0.3475478666890427
0.15983678010938135
0.30403521061885014
0.4021775121564387
0.36908648467515504
0.2802423166028797
0.4334860306545675
0.36932121128971784
0.38477477883049466
0.394530710349405
0.26639565507181234
0.3201969732249599
0.31964041336061305
0.2394272388069037
0.2835993705010872
0.5685295779423918
0.3558730825255344
0.34113795904851385
0.3864896165924325
0.3865168596452399
0.20028543097281
0.20559681902898505
0.2958975628752436
0.34716920376728455
0.42211757169284897
0.32833620158401206
0.3254865078750576
0.34230595194820046
0.22269034690804607
0.3361339885004972
0.34881026747200133
0.26789917376008243
0.22168890154666654
0.4385070491359673
0.3628151754207941
0.31375460762590995
0.3199615800565542
0.3145394889318206
0.20383693163725533
0.3880061183364662
0.28702988590800654
0.3313867313610043
0.2737962711613611
0.30890544658543473
0.1487021767892891
0.32640275922900003
0.2940187535678753
0.35793826153441755
0.40465754469134596
0.215469736887869
0.32758045537997216
0.3252785421865023
0.1695015296460352
0.4251676710116318
0.35035320366452566
0.2885054525663186
0.3702232137565544
0.25835030828541744
0.3302836092392445
0.31594970521061533
0.3457755208231489
0.21579551754078072
0.31460050661352923
0.2663724564816092
0.37060700680237524
0.19402256708975427
0.37668607726215797
0.3403633440624375
0.46088096398266953
0.26422024208111633
0.36910044800258157
0.40110220868960766
0.258852524344357
0.25064359989268026
0.4663020234087738
0.19535246960702612
0.41109718057506867
0.2786927002964415
0.2961923479203429
0.41503849976430074
0.29733856893698246
0.3834386976350112
0.37766483276263535
0.22999553663419098
0.35498307230039694
0.21767779684655908
0.32560971370740044
0.2585619938153812
0.24896865819172156
0.3177508751926187
0.37514023118597395
0.2921084502075683
0.4718092498233535
0.3391642643596599
0.3271414804094465
0.3382837498765612
0.3686511572849379
0.45435040988719805
0.29834369466206945
0.23346889883296118
0.25937401678033317
0.31216823956532014
0.5182104847074056
0.3474652366806653
0.37501505596098644
0.2353928155979174
0.3333512590919957
0.42004125402269443
0.40760825113078347
0.2891469287496395
0.47804142006268674
0.36701517694268704
0.1877484808728859
0.3389023776630824
0.32268009565286593
0.3490536157056566
0.2209966463602943
0.24016781013404276
0.24352161015700088
0.26167372865478905
0.22686898902598504
0.27712458102397675
0.38586331647064714
0.2557488208153697
0.4763153364787257
0.2930001451492873
0.32174679101050163
0.43899555559219045
0.2599093697841928
0.28164100524356306
0.17317527593190615
0.3577907878805366
0.38915161381374613
0.37092515086301486
0.3060666401766643
0.40762135166949454
0.23777278002464125
0.29667238937362544
0.2591828356585553
0.36206291457205336
0.26985075819671317
0.2939911185819299
0.3266230370124651
0.2520229272446646
0.39393231674455115
0.3551483807837874
0.3798314230924383
0.29280177733169443
0.3142563583275864
0.16667007639761153
0.25457253458492934
0.36461019154932256
0.3475581364088136
0.3896874682510759
0.3609703670275402
0.35813494256391515
0.39927208204111436
0.26319623861891916
0.21665794575023417
0.30607417536028636
0.23407078321183666
0.21389078569313646
0.37322885765825653
0.30892478425070063
0.33376647439295554
0.32160650657183293
0.22800112107272885
0.4073766288445905
0.22989728379081695
0.4269887067995464
0.22967282717541057
0.40856355509857867
0.22321296835268903
0.378962203546377
0.290476351497293
0.33610547920512646
0.4063586741766721
0.2683592134414682
0.3321373876045099
0.17749862242705805
0.28975667278795214
0.3967666731151073
0.2221796695820883
0.16508570275319628
0.3449880109430411
0.3443911905819209
0.4135598901125336
0.33433858065281924
0.3263404925260256
0.2726846526695221
0.34064266549723315
0.45064778798400285
0.4065625445865134
0.21680012928549433
0.20342952181867643
0.18633365588083523
0.2911303486301743
0.23268199842853704
0.37963661352509914
0.3522494402268291
0.22255784963869277
0.34813819806800156
0.344995226391401
0.31392476225107535
0.38975613519505226
0.29803639113364533
0.4143149437781359
0.3408997727969755
0.31135695702824184
0.28328459971186326
0.2540138878513634
0.38362891822587597
0.12816617439215952
0.2349151081907756
0.5179722782149536
0.27887793237000724
0.22776687935669285
0.42907038054979835
0.21620741418165937
0.22419242260820602
0.3445754765425009
0.3567492672100128
0.32628955014855204
0.2630969792728038
0.28937240305978534
0.3295641911739452
0.3541314262504917
0.2724764501907955
0.2380977200227897
0.35700699891169635
0.345643467337731
0.3647670751270976
0.40617946719534387
0.29528212542974297
0.3827886182248506
0.2981441508851935
0.3558019763730657
0.3488192755210385
0.2760666266556876
0.3730887616102388
0.31174018012963306
0.4296207647566754
0.2722370807102624
0.29232244237431126
0.3241574927815303
0.20343182824656642
0.341412266306205
0.45921308408951383
0.2854533240709972
0.38661859511914537
0.4661049837213165
0.29252927495610836
0.3944856412443199
0.43391298254377875
0.3354447033715524
0.39271750098165364
0.29463659687812577
0.4448328220983999
0.19020303438500424
0.4464950561351543
0.33843610221700704
0.2652678120317133
0.35916279371876136
0.33824322075726004
0.22048269058996225
0.2728796312460397
0.362420965344195
0.3039039039390753
0.28615220042040834
0.2995631097759512
0.36585632234206705
0.3185350528045272
0.38869236038094257
0.34439437855829563
0.3989080360233602
0.20440549526033452
0.37185661662939673
0.4284981893774015
0.301162775237387
0.29860073225442585
0.35464266562900165
0.2883253283027528
0.31114640958448136
0.3004236111911851
0.3560536159414033
0.2923271709764766
0.40136862061636036
0.38899496662781463
0.39371147169012044
0.3490766740999053
0.2807238468925772
0.4047852745063699
0.3632495930360879
0.19759516783958692
0.3577020277462698
0.3088802612905249
0.19929772765671658
0.43974884072383863
0.28850030224787754
0.3488146119092422
0.266217650589607
0.41223742807277813
0.4271564660599708
0.2598676624022894
0.16778228115510818
0.3729644158757397
0.2087085674333892
0.46056354771315106
0.3460406493075482
0.42173260567171467
0.34030109388862406
0.25458444964811033
0.3182073993150249
0.3571297163555871
0.3407650089562976
0.42811720875571285
0.28224726609961737
0.2947221409406201
0.40926217048506
0.4067658649323319
0.4131203276006953
0.3198617162211216
0.2710305518023849
0.24167729607269575
0.3500186558147177
0.31138038565889337
0.30550861445622635
0.26330743124354516
0.3145610852745225
0.24603878667183143
0.3657412358323892
0.3034014416750952
0.2824609579721479
0.37748345484469026
0.5054906361917252
0.36846907985615085
0.3853011733896223
0.2567735869778503
0.2865990282903317
0.2606477422886347
0.43576582922127055
0.1765684888550499
0.2656905234259306
0.1049155824494374
0.2646687132912911
0.27215135097125215
0.3742426178688162
0.38919732053421624
0.42355053823562044
0.33892996749190674
0.29982447997073614
0.20362034496721737
0.357202744172472
0.31587328193159225
0.22772082950525277
0.25273687560703617
0.3152894344456497
0.32778949569651916
0.3367676576348283
0.3038144566783461
0.24893231163893637
0.3104623074460337
0.29155671148570816
0.3357347940821952
0.37291917761242904
0.22621509083868832
0.5270408550592436
0.2095608061930192
0.37351465542925943
0.3866787134037113
0.26823208347444716
0.30651972677172984
0.2691259294855044
0.2972269279498814
0.2721402884310048
0.34019024350381627
0.389672866860848
0.3681465919800272
0.2633482334828443
0.22468081574430837
0.40341231864714305
0.39747630830242126
0.26466650452866247
0.460111530650438
0.2301407365976263
0.34610697770098475
0.3092404455684732
0.3886426929639709
0.2749736581660439
0.4783964746645454
0.40012630564160423
0.2599511943884382
0.35774388281859826
0.34217936258573556
0.23622515121321053
0.39495032306820377
0.42210612485730337
0.33013250272302314
0.23357390718930598
0.3784916106782692
0.3654336729551148
0.38665101734979196
0.2693744636536709
0.2928738042383457
0.2651304800946991
0.42905930299364875
0.2530776028621095
0.3923622286027723
0.23161265037024412
0.33635268763602555
0.24403474514256573
0.32494645528751825
0.31528696964026703
0.4151408851948758
0.2954151641658182
0.33989094947583026
0.37652957751828586
0.3819212237604218
0.272209024413869
0.23381444958238182
0.2897298088536405
0.37163032689894143
0.23946535158131824
0.4285400986646308
0.29754288930468736
0.27887568506000104
0.1552132729260637
0.35724560091121904
0.35744875302280776
0.32490619549423194
0.3614646985150479
0.31373657027615415
0.20738372306379443
0.37785353942590794
0.2767377075006651
0.17261355762321287
0.2993156502710467
0.3152007454082844
0.1388661951819452
0.3915489010870992
0.3405637253920604
0.3524730053611577
0.2768776383138836
0.35229914359677034
0.24971063676944957
0.26742123398928824
0.3425901216643313
0.31565087073159404
0.4148280819624549
0.340213109327892
0.42556123870183943
0.276515989160979
0.2886098825913642
0.3800193993673051
0.2136283511514155
0.3724199770499623
0.31392504282432465
0.2365060518199938
0.28806195389888917
0.37507780305114985
0.25633369104937864
0.47750576872728534
0.2754119564147242
0.4290942454564896
0.3952855369074025
0.44518312463049536
0.314521100598444
0.24802145683830518
0.22088975971505329
0.3220966015865933
0.30559828250182297
0.3026125220909777
0.4510298775800881
0.3814863485499461
0.24197823124603562
0.23735513716437434
0.39602107878458426
0.3583933134235884
0.29486722542382676
0.4008544356399712
0.25107680537835464
0.3867294687664707
0.24372030692862473
0.3606482660965795
0.4510823712208986
0.25774845702476634
0.26576363010484905
0.24275273580356246
0.24177325980889286
0.3659684237743594
0.24791326956942794
0.36026876897725485
0.3013135089857288
0.5344359184527614
0.35172476304110434
0.2309581454488777
0.2772658698107726
0.3673062575389932
0.35890614669425314
0.30424886623493497
0.31539646984918723
0.36960079960513437
0.2876829482374054
0.2893189613976544
0.2512090148880761
0.24721096653316033
0.15292610473588986
0.4345519627025534
0.32657539817861825
0.47504765212213274
0.23283618947429
0.23567359577582608
0.24515195031664289
0.339007949373769
0.20061352941830699
0.24430151853307264
0.2901491861411526
0.2914450883516572
0.35219678765482304
0.2646241644109992
0.26247570475419985
0.4244381304610916
0.25443621519759246
0.3799156872388279
0.23104315399982048
0.26473881264628807
0.26333197434944616
0.32941622680796145
0.17188271057745194
0.3240654934691713
0.24586546956161143
0.22230714383041347
0.42429008073573254
0.3989102138254589
0.18375277893441377
0.33973380508551665
0.2935525231911386
0.26212076258438655
0.18345675218970817
0.37911179758529995
0.3955100171463365
0.330427195049581
0.2737709530599853
0.30976308834866473
0.244495173687617
0.2631040724106134
0.2791947839029282
0.1949654253975171
0.3791968949897558
0.39204783366434437
0.33925414388956476
0.3914736210356316
0.32147965812655466
0.32743076253574904
0.4053027972500118
0.14536200948113648
0.2791543046251209
0.17244202179381599
0.23719880125334897
0.25496954403115524
0.34839082735827903
0.4428892854835433
0.2614357627564604
0.36740289129411324
0.4357265353936196
0.2462494243119068
0.23462621950600693
0.4306382374231542
0.2925284022725433
0.28480073311008763
0.35016460609054395
0.4871404416185333
0.3852318680196564
0.2436481788627368
0.4164521659413844
0.3617527424696104
0.4633216772771688
0.18773691933728537
0.17157261057842194
0.4183376749748078
0.4194977624040656
0.2278659611523918
0.2566816020911312
0.29864072911728184
0.22543614654150296
0.20039721023151708
0.3230622134873108
0.24676529741394954
0.30669866568013326
0.28842923444637497
0.35624032907839565
0.24763794300635394
0.44187744184586464
0.2923062815281751
0.2354510084802674
0.41618254196924254
0.25979812163925886
0.4665605870653041
0.31097149186730216
0.49091778238092304
0.2393179818724856
0.2087282061619824
0.28290095140229105
0.3366274631519738
0.3889122155945809
0.4125534679750264
0.3917461016488575
0.45116428793397434
0.3911086800910764
0.2572311359649043
0.2714693834075864
0.20087610956500274
0.3398343220781267
0.3404743776337869
0.30412645976268393
0.43399638570109084
0.28050935182058023
0.29647966319966457
0.24621894210432266
0.3679776847948017
0.4594773535904711
0.26214771547525073
0.38974097166081834
0.3027380024338928
0.2666702262254451
0.3404742490529984
0.26512888200661117
0.2934391989921582
0.4456212546473946
0.3430680095770777
0.36885588101713435
0.21488264743994484
0.5001245734981979
0.31351231288830406
0.389911036028766
0.286639617568586
0.3159986156154536
0.2858065530266026
0.23992263257229468
0.4116772636017557
0.331023437721769
0.3584633573834769
0.27775746290729614
0.2991979921084472
0.40228295934402397
0.45421281405276603
0.3580937120553084
0.3431959399999556
0.31546092645412926
0.32886612234267754
0.2625469921400208
0.26766271072616993
0.3460337201405298
0.28175945317056905
0.3067159590329228
0.40515502963834116
0.31462313635132044
0.27439272670904796
0.3000782713355541
0.29156859480263614
0.255502810730902
0.21529600817659028
0.3526840622114601
0.24352785385788475
0.2831352585307852
0.2905545202416974
0.30049597796049177
0.3348636632121485
0.22923267828808863
0.30873573449705616
0.13062370960313632
0.41327070564002694
0.4805059791611061
0.4864974362713044
0.48874220371562344
0.4085509579522354
0.22529790702522146
0.30876306394815445
0.2842840509018278
0.41606878706714295
0.37486466006063424
0.4472462856749659
0.23430227105425003
0.4202240011359441
0.39731083843267556
0.2771060055027151
0.3326330654312101
0.34721790867272784
0.24893084927480807
0.3673762649715919
0.27702784773964745
0.3212232054891904
0.22749918070578273
0.26457717022004423
0.2856342600282947
0.3754004438263493
0.29519266346760176
0.19533839280053886
0.2832658927405983
0.3852026122368305
0.24987846327806498
0.35083427862790184
0.29283500129515366
0.29555766115774895
0.30016179598989046
0.28657153266139457
0.3258954327161181
0.37125482091633843
0.32652239438932396
0.3181553582325923
0.3711350090582581
0.46385248186959877
0.29391397001758757
0.32823666364408927
0.30123316250072274
0.2611294355006374
0.4332960476147096
0.46078106078582987
0.367054208893386
0.299644823081613
0.26496144041802616
0.36826810123447634
0.39374365796182165
0.37550570181099924
0.4002437604290156
0.324552180443024
0.3122513395560732
0.31453122268736566
0.3049853721373823
0.306019338756426
0.3129771342010603
0.26093923250897105
0.25036576838769875
0.34862444882011856
0.30755017620652253
0.251460323678758
0.33314641150882673
0.26383448794360104
0.21461340428222941
0.4246428562186345
0.38174679565578923
0.395592434995149
0.38883456006576356
0.32307546632458556
0.39171204732268494
0.2799619245821867
0.24503491596282068
0.23261624864495722
0.26603959175737335
0.2335332636122831
0.3695191046030456
0.3286260759337436
0.26681220365450603
0.40642993450536685
0.35155612566219735
0.33290164229359975
0.46689123520412645
0.3087687776012277
0.27418402693854704
0.26885398448945363
0.4247302665263512
0.27920329333906446
0.29241141985065333
0.3133939668610412
0.3319023470818174
0.3063375551677064
0.2172859868647286
0.2948085506296743
0.24570900857576522
0.28604722612880457
0.42033745042779724
0.32561812624736974
0.33713504516983434
0.36103698435403603
0.34328700880299967
0.36135614665669985
0.3003566607838614
0.4026260955682863
0.16096494765454375
0.24263523308398288
0.36061875959061174
0.27452309702836464
0.3668899909798664
0.33716941599499356
0.30749626517870216
0.18422503475701046
0.4571209948369419
0.2372192312413194
0.3009699048038939
0.4580914316834983
0.32897911110073996
0.2465971682528513
0.429522481932649
0.3827293474763457
0.24824364293454165
0.1551402874677132
0.30980591804393665
0.4538407399416795
0.23765820849143152
0.3324926677080411
0.4184710354027869
0.3769028593924021
0.3666856171124907
0.2301581158300352
0.3648979020676071
0.33456788821036315
0.3494966484452712
0.33262736923667025
0.22853836693549406
0.27669925005536455
0.28460918322684464
0.2500600314327336
0.3292131427783241
0.33217754205212735
0.3699919048525606
0.3471086402599771
0.38739621308944905
0.28424906192885874
0.20270505390992768
0.2591064312573569
0.3114484398479208
0.3626919275063028
0.29659477265814926
0.34723403426603283
0.258954674165221
0.3433350918650605
0.2864676828736029
0.3273452275949219
0.16769754955969093
0.3359157952564259
0.23121714127639562
0.32640151923440414
0.28962140936865066
0.4040851460999356
0.36313803794294464
0.36984051953775243
0.2870138024696297
0.3191043172554089
0.3245910128488693
0.4677644811308812
0.2572233759528577
0.3540568705432315
0.28533496739149583
0.2917741956626715
0.18318572025852037
0.34968090524515383
0.3809674289755286
0.36172991480130745
0.26723536400041165
0.3613856871186142
0.2482640188044937
0.2141880974236196
0.3002412507950731
0.29157518924873205
0.27541475178545294
0.2874877449338659
0.2660801149698085
0.39525398380920124
0.3246596509722196
0.6061553644150617
0.3486436734103246
0.16109665930522005
0.19045440115704199
0.2623666432919565
0.32251704117790847
0.2389494996000044
0.33499556134805125
0.5327451857288927
0.35614375021698497
0.41386627993243125
0.22179108238885328
0.39080567834712115
0.30596198215682546
0.5628905400060611
0.41068158056189974
0.3397312805527993
0.2882929799270896
0.24204618425699084
0.34950611543864873
0.3447072646002552
0.1730340459440245
0.34377520386537624
0.29482541302321363
0.2874799766331749
0.38166925191358964
0.31946264371613864
0.2735971427556477
0.313848968832411
0.3975808865949042
0.3333695285663891
0.23464622525729975
0.39229596760871505
0.35939488952164483
0.23332091325130064
0.34553228620078624
0.3527220447076402
0.25373551670860256
0.20487808165299387
0.21517371677923544
0.27208942987492357
0.15369842865226285
0.22941620360108436
0.33243764108735674
0.24805638799674848
0.41983834516129237
0.2748160599795946
0.38862671763320544
0.5069642735879385
0.36106350495483275
0.3371587381517408
0.3033747927033999
0.4055319004349264
0.3030144292879732
0.5130442914862182
0.3534893660709951
0.4441378585913219
0.141198123369871
0.3060836859480019
0.49101447739601467
0.19912956575558977
0.3327590036014748
0.24492257997208422
0.23811910845366083
0.37166980903171004
0.2016029000964859
0.46111915637751755
0.27138495703117094
0.2326929945070558
0.21425677776565938
0.3831622518483644
0.25519786525091215
0.2882775644471315
0.2997341922958768
0.36502458487494893
0.23081745908434398
0.42368463541927587
0.21881468296770104
0.2639279946956141
0.2541321563812974
0.3756937225666305
0.2376630685760241
0.4304558870270959
0.3863071005144498
0.31719042555711335
0.3459455831107019
0.31977972781422315
0.3140847247064436
0.35346226905208844
0.46326509713216907
0.3014753996764733
0.1962642803452494
0.3825604718343845
0.3805969636743382
0.41353682959805915
0.3191393054033706
0.20427320673304875
0.27128219395389863
0.30819178412064346
0.33664193791740027
0.337320007593077
0.21412810438292812
0.31039159903555874
0.3497265702584471
0.32820757807184997
0.3191661445540229
0.6149350441922831
0.28846596353839715
0.37732701046907813
0.21847629943994495
0.33150499095061153
0.37153283820830935
0.3238273064884939
0.2684258424956706
0.5412680519018188
0.2718034426298966
0.4226085326558172
0.3081250233449997
0.42982976244648574
0.32657523016465406
0.4102086421544609
0.4091024385295664
0.33170721779418644
0.1557185810077472
0.27448368716130706
0.43525626422396685
0.30922401670591265
0.5230877176785182
0.28931368356830073
0.3274809795918073
0.3638924891411817
0.2987955109544511
0.28434692657220034
0.22226133006175544
0.3632466011453062
0.23062419651585206
0.25700261622193826
0.3470466009296068
0.2516896427408825
0.17157657087525668
0.4107915106604253
0.2833104122352225
0.23612273550469515
0.25336199699160106
0.3914989743457604
0.26826002455596754
0.5716133902624204
0.22054956371359652
0.44458837618757885
0.28564716738828533
0.22957129930855585
0.24742250271998856
0.34805071545732635
0.5664351174049969
0.37844312723342505
0.35485171081348393
0.372193707825701
0.23307391951108772
0.353416974525012
0.3450061261513584
0.32611975237065566
0.37515787412100704
0.35590787427727155
0.2056673036677142
0.33806196945315037
0.4278174341363125
0.2594821534604789
0.2743022698469616
0.3963971809282588
0.4746994064955602
0.320513542841385
0.2655545918580896
0.2923813448543674
0.3190401286966538
0.45342249181352406
0.4239390270320894
0.2815071482397764
0.3937287640444305
0.26923893819541833
0.2744146391275433
0.40879509799675573
0.35797366104832007
0.2767853278069691
0.17491967890471644
0.384593226334928
0.37290407791843927
0.4505790859701391
0.29054345084735633
0.21221730067282313
0.3941054726379319
0.4243697115627249
0.3162343735881502
0.22969529027303132
0.30096621771955245
0.36343393185342154
0.333835228430359
0.36744291771752435
0.23403384218502016
0.3527663613439148
0.30510892157122615
0.36398629730558796
0.2335286959531107
0.3740778770501583
0.30114547792491736
0.31697766860696186
0.32525627927971656
0.32859030253636423
0.4075830531099271
0.27305874368811983
0.4173070914272835
0.46318074894429123
0.4080213323143716
0.5201228262220658
0.26823724996931714
0.30727361059667474
0.2101665370294336
0.4311704757877098
0.48430988904533356
0.3468911979844874
0.3942633587153944
0.2682168300838904
0.22186599989132838
0.17247829088086983
0.29536136648095607
0.30208244577247856
0.3287018872279456
0.3874709567291724
0.3237134358657325
0.3204881397407854
0.4348760836543123
0.31142835961229276
0.2331696677855061
0.3030684046920672
0.1793042137240068
0.28226244878411977
0.3010761191431525
0.2812716044163167
0.2470148015349058
0.3049944313042364
0.26494316413413316
0.22324177155540795
0.2501865764794674
0.37342666659826745
0.29857131428783834
0.30207639914679507
0.420275124173059
0.33367763142534174
0.4179657487615197
0.32383893989880735
0.4073131434831033
0.24317046060851727
0.20860490919169522
0.44074303872021015
0.281252200523586
0.3319009968703658
0.3874973625917345
0.2693349776820553
0.27732658046017755
0.3319212355612594
0.3973690261706831
0.2788425373487222
0.4621104463755925
0.325326103513722
0.3298132401381666
0.3513614654020355
0.23571315984821867
0.3222798624460012
0.2991192736346315
0.26793465078903067
0.33630232463015386
0.3832157396122521
0.30725069903918334
0.3504583803301812
0.3507544611234092
0.34684836421633614
0.35173119017109633
0.4064688388910217
0.4709025396765222
0.33357235319703865
0.36062420276870927
0.32179448499095037
0.3996970046495429
0.31431700598528706
0.28822814014158193
0.2525336777281139
0.3873458873249679
0.2250078304722664
0.3550387691545466
0.46206709242805166
0.27496582674656594
0.3920204748136336
0.3288979881299346
0.35604930448538774
0.2010187523585852
0.3283668942879904
0.27528164665920685
0.40098197108706246
0.2786804687603236
0.4004448299150722
0.18414510156224112
0.28334932203952673
0.44966323971855493
0.36523913414380144
0.1985069167851994
0.3269050180914844
0.29037941637083986
0.4077146370052847
0.2891080227274929
0.372810857885565
0.2789531309892917
0.3456396811587019
0.1790256490788309
0.3658862407834035
0.2297522475433406
0.3386259027603008
0.33136253088205014
0.2833467699300819
0.2172640415435978
0.36354168223192784
0.3920095278417814
0.22537227363395584
0.3474283117461235
0.32194959979525906
0.4455088326811918
0.2735729513016466
0.4170129389158773
0.35916123556660184
0.3236056878820742
0.3791321230377226
0.43902556227459116
0.4532515335460371
0.29854189647151885
0.21186457224614416
0.4382840558247544
0.3428775904957164
0.2868513671714119
0.2861265266851216
0.4626187001961749
0.37475011794471386
0.2969537214029979
0.360030339948672
0.3743832219890949
0.30632531388855655
0.21411055587857594
0.26749978886507725
0.2439168172330688
0.3445512706291646
0.43885043592166706
0.3051074488552819
0.4804216410322919
0.39329129214900344
0.34411684467602716
0.3127414200164999
0.521151411766611
0.3137259075861659
0.37850523096428107
0.24552850948524324
0.24643845169906511
0.3198921577245037
0.2973579263101562
0.4037206394836481
0.31427067706468487
0.23077352737893625
0.2882577525990012
0.24183185020172662
0.4276409737531077
0.3211148099725084
0.46032519478358463
0.4298291280176791
0.27923529346881854
0.2844899930731929
0.36965012155491417
0.2738283552601008
0.4014852954724252
0.2827528260110879
0.40074057200867363
0.3334198606682899
0.37880857074240576
0.3733145848145897
0.26292350924228286
0.19304777576707768
0.20162094087092627
0.2646131812944016
0.2500304009491222
0.2968160960951073
0.2945431334788379
0.33568135821922307
0.38708525165131263
0.5426856418192163
0.16761097616578685
0.38435649299646546
0.43026174419471125
0.3988915501439202
0.3690472039050169
0.3516500705840885
0.3091689441180103
0.32909276161364187
0.3119031385261708
0.42665692116241233
0.3231112284931667
0.3326514801751243
0.3221061786492515
0.3929780655220966
0.3787133656035825
0.35522185304467785
0.22657509658398797
0.17897610141314196
0.29220628768494306
0.2704722869970599
0.35402347100546
0.2934830571675808
0.3456671975444884
0.2556336224016193
0.3405641297041922
0.2992449730594756
0.43024472276543585
0.30043464390741287
0.48193488214929303
0.30899330935876446
0.27068302261046967
0.25659333732757555
0.27447939309582087
0.5700869400121713
0.2583575279895334
0.28292078829668377
0.41601358276769024
0.3561063178966327
0.26407550450357603
0.29500038661801736
0.4542542847278481
0.23584469624574567
0.4048346012236106
0.36086623926006905
0.2806007332527448
0.41935916159382103
0.21966533152508178
0.3587555194016897
0.2440964953915666
0.286945682273292
0.3091220584319248
0.2249669839508365
0.28066454916755157
0.31504506622592654
0.33397654372982505
0.31509334723454646
0.27648726711268223
0.3632618216400624
0.19638352349425015
0.28235997962736614
0.37109599452640507
0.22671658038647974
0.440887618874219
0.26027796331125563
0.40234910079515035
0.31839058472012477
0.26313499814427627
0.1890614000158935
0.30026678554109193
0.2825009230700292
0.434957361693746
0.34691924530324547
0.33212956291242046
0.2866322102155892
0.2984739397706685
0.2703761537948951
0.5076336125210036
0.30562353630377254
0.33427542870957916
0.2687503154886727
0.33307541668819096
0.3262027753146534
0.43083998205824814
0.23608333530140396
0.2932191039310391
0.33625021316203413
0.374177678388254
0.335638087795496
0.2984028421993501
0.4074956560500901
0.4011489437470502
0.39724248850213995
0.25228998712499096
0.17590008931938003
0.4174510246768411
0.1483444445484991
0.40782684845230344
0.4700761053974918
0.4518493062115881
0.3113845607140098
0.36943865108206075
0.3937103905080851
0.3868279971333687
0.4584603220326645
0.21238788254761282
0.25374962787508837
0.35948209930888475
0.3259930057823705
0.3596702607360549
0.2464144475711655
0.2828939899620685
0.3711803118169116
0.3941428894882095
0.39923268125479494
0.14200281413187751
0.29592999999858893
0.3414413391621588
0.21801142531673667
0.280521048013817
0.306100231401624
0.32289829378379886
0.28101930324769403
0.538171928971886
0.3801183773991655
0.4421517543977712
0.2705472480424188
0.43656522712003676
0.33383058915896613
0.3299314582154415
0.4195143305320167
0.38024763747283175
0.2331961238784621
0.299213916801485
0.2833815949511105
0.31956693948281606
0.23027522351449012
0.2743845442992687
0.4118469855264233
0.28400607096968644
0.23376143411148154
0.34487641602069585
0.38839518630382175
0.36372738455105874
0.3235271836983175
0.30838279852955813
0.33662225294887926
0.3486158633346084
0.2087648924079512
0.42367597899822923
0.3073528370354507
0.2689286313488286
0.3806606475430407
0.2583587362636048
0.27597733610123243
0.2642979183316715
0.24761777928319378
0.3965269137473324
0.3611052115953888
0.3718790695091904
0.15420834095445218
0.23107414222523465
0.44081449679588874
0.33875122955583303
0.39309259251641
0.33774180439586876
0.300306389633976
0.23284505746772582
0.4007585215633709
0.41987799486204713
0.21995136132341092
0.30437968343319666
0.2455926217856153
0.5288172130735529
0.2663231591296202
0.34271136295286697
0.2809157450603094
0.4082020404459712
0.46343772861557647
0.3329113732906664
0.3495629605921805
0.29573215864216473
0.26360870196893854
0.2701957018927051
0.26843933666329567
0.3781654600865194
0.20489660001546656
0.5193147688681438
0.4343335941146762
0.2746034993609712
0.4038979430946041
0.39593855885149737
0.2583489889766265
0.18638882378522298
0.4674027224731935
0.3089196855511284
0.2927818337649379
0.34322133833896185
0.18078474024518262
0.2881861469110156
0.2297548737104096
0.43189676192371024
0.33867660469021704
0.33815038430067473
0.31769519217968006
0.32944493637656763
0.3071982675336228
0.27631322771189337
0.39751253974894285
0.2819423950702091
0.2998871232352524
0.25718519630888614
0.20419549226879394
0.44937847501781897
0.3118201128935413
0.38157922302207714
0.31836796365580244
0.389473708816515
0.2581606685294305
0.4094407963310567
0.28843004625908725
0.3714957594018974
0.39419541052073015
0.3831503560521646
0.30668975932756404
0.3700388695415084
0.39097782073655096
0.3325146485102313
0.45751642152131866
0.3516772114478976
0.22939848195539767
0.255278999528315
0.27622508537272467
0.17593122331528116
0.3518529162615938
0.35660530585694883
0.29936247336609434
0.4113828915756681
0.33520082632186926
0.3410928676382341
0.3251169235247156
0.26454223852905573
0.2559034633541529
0.4001247777495185
0.2263592791492972
0.19760048656913137
0.3992945158721285
0.3561429163514688
0.20729081982372038
0.29244725885172773
0.24459733702440617
0.27643994312420606
0.22464377314135747
0.3226379276044683
0.3249991517907646
0.28904306086112463
0.37780633321730717
0.4099257775015871
0.41464132320749625
0.24611469251633417
0.15532966396584402
0.48032178984302004
0.25237282787590287
0.33260149058163196
0.28061555613869427
0.344364781912055
0.2331009240825542
0.36495361478927085
0.4389295674230171
0.4006751379108168
0.31142398494960094
0.4152528809138708
0.22628084458461975
0.261962172549923
0.4496705521851817
0.28901357727813454
0.28645822795191145
0.283882496926828
0.30584031378867704
0.4548017347401678
0.2611606977478904
0.3447758936708308
0.3553420685290605
0.37063628832111134
0.18921545234387144
0.37496255131775985
0.46721743546763717
0.25838650661873197
0.17748490848882895
0.32948783786636365
0.2936855329072104
0.3037863714584651
0.38663362461567835
0.16407867887169209
0.30376887429658905
0.19422657392814463
0.4077152444646705
0.2816121865072265
0.25701988190276187
0.222522827649966
0.5003795211532367
0.506586403853093
0.1662820722531957
0.36788159006479637
0.25317010095978343
0.18178981249863105
0.4352007771115778
0.31948930338568976
0.3816497803498652
0.2661868653423083
0.34330826194335545
0.24892630113295908
0.3002974739069812
0.3460029632941152
0.2746812777394325
0.3833550250174209
0.22282173122774954
0.4247099839909003
0.27894176275120636
0.30193657266131374
0.2866429655880637
0.38627170697022206
0.2726167464172799
0.2440511987852398
0.37845855387844446
0.24310233807747245
0.3355491659308666
0.3712193164791531
0.25798395213220043
0.2416684908708791
0.3470876010415752
0.3139749485328513
0.22962521175726502
0.2439094915237455
0.30074578743539176
0.2815172061075743
0.32302029662284354
0.3947384727229103
0.3734230344957579
0.5128922324968344
0.40434589311223534
0.336638416261105
0.3147150346366855
0.2637219949606949
0.2960445040652174
0.29007841721378635
0.37132828715434674
0.33803939125914617
0.2216520434885934
0.3428581777860401
0.3036567920073971
0.343869853987741
0.3375466650535871
0.3116496801606532
0.4253244949220328
0.3580027542616576
0.29959848533910216
0.40347151670705744
0.3691388505124106
0.30020559799854535
0.34654375863536124
0.3203750556595396
0.4806393482455638
0.31908827782498006
0.37638381142298677
0.4443755456881789
0.4686143267019884
0.4112650367131879
0.4640789821982242
0.4062613819619688
0.39398738377243697
0.3879782425275193
0.20481092125565364
0.24519020835726152
0.33250000982981076
0.3266386543581178
0.36151087575140084
0.33440768020943806
0.34026916480343794
0.36483911944669767
0.320312549080773
0.34706036794810774
0.311818826396913
0.23480465158688513
0.27979872934111283
0.3672378020723574
0.19437608699024173
0.3235240533411315
0.37529738305135857
0.39354918099026637
0.3260662756973229
0.49058846611720475
0.3919139922319584
0.2899863868322198
0.478727768416994
0.3735111326966136
0.3215430387088219
0.3156039618227455
0.33229845185299495
0.4412880601966435
0.19804655861334092
0.2803676687672315
0.4599810582419508
0.305067411669125
0.3485936425242473
0.35332081858228
0.19722013236155173
0.41096068559507726
0.3627560666584252
0.5214865965714156
0.34141014010800924
0.3398741475035896
0.2969709809488169
0.23909014209451618
0.35499160814051667
0.28103284190722555
0.2476893353530499
0.4107572950827222
0.3305370253003853
0.4111041164593706
0.2358478609246392
0.2982244754314597
0.3234895701237551
0.2037315320383381
0.28303409871115376
0.3188220629808313
0.22558077747975816
0.3940957605218376
0.29279041828876845
0.5250350046001424
0.46625765435473215
0.32074145755008016
0.32124518483343206
0.43560664849415076
0.34622077748052604
0.41019753396946346
0.23156039074440066
0.25992982999976755
0.3864694232727821
0.26112408880005483
0.21593080960936578
0.28367630706232516
0.4260391262995144
0.33661306678878317
0.28527081077326855
0.2755738604258883
0.19339205587731545
0.4042049163160669
0.4470743858491676
0.19013242088089274
0.3155627858717451
0.26102387511373404
0.4736421131652849
0.31891941917612177
0.4320496652134933
0.28244180667913354
0.4591083108526902
0.2505221002355979
0.3088246492433562
0.3759908727091438
0.25099775360012866
0.28420299798499005
0.25550616335748205
0.311391667726582
0.33127525351141307
0.43951834408117774
0.24357217361462755
0.4036235460978993
0.34846770860160053
0.410520823817242
0.27484101920342574
0.35634806665795093
0.5034079597497515
0.33079926067251303
0.4639229351895535
0.46669386047907524
0.2624993683649121
0.2510660159162003
0.40474521419706644
0.29059212895714903
0.18814346879176735
0.4185698791106135
0.385146414294734
0.2947797779502041
0.3454569109027764
0.2741182948838609
0.44722668667326637
0.36566684624013734
0.3398410870288967
0.31021841354234797
0.3090625077898384
0.31251653652567
0.2845370752743572
0.3230911015304271
0.29800236056399976
0.29434544046004557
0.35820122845867364
0.3495165782883869
0.25197673279772465
0.2288886371320263
0.22389932950968006
0.4049657789319201
0.39609270616939407
0.3011299270411002
0.4617038512647791
0.359995571255661
0.32615961171210484
0.3471579992577004
0.356493520881738
0.254257500670399
0.35015323787333746
0.3848228640869831
0.324657051429375
0.2964816306034432
0.38278580600177786
0.28001865257929226
0.31694670023455396
0.27343726529581885
0.37156234791562986
0.2696388170296268
0.4855219965890291
0.31588799599473355
0.3383562198972265
0.34988068051142385
0.2725000704340267
0.4866729633380785
0.34792647015065403
0.33764271746511876
0.23811617887428657
0.3294417187856654
0.14992920385860636
0.33805544300074086
0.46142107491325524
0.2794168184718583
0.32958684481127365
0.25644216420648813
0.2150186130694093
0.3814978040047886
0.3260076709616375
0.3897863873654049
0.37080650884879857
0.28839275373319884
0.3296286284119023
0.35930212140586615
0.29757920288506134
0.2767305082591097
0.3746163946102774
0.2949346512653846
0.26057226148523555
0.34018233021381705
0.2713499862914856
0.4966495256917477
0.3413657516883616
0.2992158981904897
0.35504652016769084
0.40309444804957034
0.28653500188967235
0.230356991031005
0.3852304544579178
0.285362673160999
0.29658618811981385
0.30781538488182036
0.31470030600438464
0.16537406677802072
0.378940085507086
0.277115927409803
0.2623358178815784
0.3919646561165683
0.3660810336982205
0.20648650259523546
0.3581485802658026
0.21528744263801433
0.25418232491498527
0.4106319014124131
0.38014137102101786
0.36730284297904825
0.37283789741092693
0.3192037429204929
0.3493337002946063
0.2288357727011258
0.3369465614046482
0.3627657768414093
0.2938557712692188
0.2962749141950273
0.32718494646020857
0.2798459011372022
0.3680591371946823
0.2538396514918583
0.26318778104213375
0.25929237431470337
0.3884931072020283
0.3230713136445448
0.3936190533199572
0.27245628625714785
0.2706004986925281
0.24080949239051996
0.30050240767430453
0.3366295448020712
0.33989209084082905
0.4182788235395911
0.27050015010984596
0.35240966523820616
0.5316658732207579
0.25547527447381724
0.19149458991859308
0.3325797063697229
0.394042983475673
0.37285307103513066
0.28864192431443786
0.3685081172725848
0.17144024617850806
0.33293653486798586
0.2125231064447477
0.2897618985079908
0.22656414559153024
0.2521328230279657
0.21988164062046697
0.3588826923939517
0.36162866061149107
0.28506473576368474
0.27472061271568077
0.35138379637766953
0.2932266145932157
0.2682038298375182
0.24530606437046187
0.2741560884663659
0.3235404840640551
0.37112385001583575
0.4317537571855892
0.3670257507929902
0.30536398233697437
0.36115346865980574
0.24320567062118642
0.3453671907070225
0.32730287418625437
0.24644694183712174
0.22918194866279679
0.2464145098375688
0.21441872335641846
0.4102870414690134
0.4416843808340053
0.33439285508205946
0.3783628952462859
0.24758964364054017
0.359775176079402
0.3255662714670553
0.2796129965607851
0.3305438360091043
0.35845454192459153
0.3155737589035916
0.28773217234669946
0.38338660387996976
0.30956084928071526
0.2879170517766364
0.2435374025165696
0.40393478925495624
0.24893189079629394
0.30674226404748206
0.4523716178788574
0.4519455087647894
0.28813567494181214
0.28456846604736175
0.32023409129230285
0.22202095357168652
0.5131531681378779
0.311982120025761
0.2243032417698485
0.3261383484426184
0.3877915689031675
0.3516067249018432
0.3261588016370351
0.2650128447814589
0.2809696578677398
0.43474054306998094
0.3109170332575615
0.3721870736046083
0.3250017855971342
0.2611674486746403
0.5561448859994194
0.30512711470045883
0.313482268042344
0.38607439911159547
0.33070861707632976
0.29372303429401503
0.2080109350063098
0.3164159669490966
0.35637258434345914
0.2506041746027309
0.22032048092828518
0.29964070741676085
0.19280647529347367
0.36023964654778823
0.40838564943520855
0.19881670368681376
0.39567700184077753
0.29644902256712596
0.31467049804943004
0.22225800356812622
0.2649410587557854
0.47416174447858106
0.40976790118901923
0.2599800002759433
0.4583015467563148
0.2743767964294068
0.43738401353619627
0.3930150414816378
0.3522051158887196
0.35205419203015964
0.27485255587228025
0.24312764250580593
0.3630588916481351
0.31272922306944884
0.39412000249815027
0.3502365643040172
0.2872251229437522
0.4443962695321721
0.24015520205668078
0.2781307450980983
0.27398801382832183
0.29007694439505566
0.3614860486839236
0.4200971476804831
0.28521736790699426
0.2913977206502475
0.30978340362153156
0.4933864204925336
0.23284100549646478
0.35618981562100444
0.4150825260404848
0.2618928521068414
0.20402278065907914
0.2261278628000371
0.29926071339281207
0.3148442858587904
0.16883865898021339
0.34078229694687084
0.34486673314739275
0.4463588470973557
0.2887083470466497
0.42882155401010325
0.3542498078209334
0.32549992296132985
0.3412365864611143
0.4568369797151748
0.32635356600108734
0.3592739889750396
0.19749868567550646
0.33831887537508
0.3465198856345463
0.38407933095732544
0.3680451009380072
0.22804106427131282
0.421626951421924
0.34769985684619986
0.3355978147703216
0.32650817370603447
0.3251814892844608
0.40216526760259497
0.43383265058710896
0.33150236689366863
0.2366846836622316
0.30677702457762274
0.30636793442278154
0.40751300145252867
0.3117601694906144
0.35404522049042086
0.2867747809131599
0.31129414458121485
0.2902477597776425
0.38140824312837174
0.23518654940594988
0.30533487727941344
0.39857620694891427
0.3668358047105112
0.4237097194465697
0.333083024120103
0.32006184033707374
0.41764833640680576
0.23283994781914052
0.45291988498135954
0.37885940582051525
0.3679455421114946
0.33568127993619645
0.18481609807337412
0.41147445697023866
0.28017240279475053
0.29993645597816504
0.28013548135844246
0.24775716852637367
0.35167950430310474
0.23948825455111739
0.3115381821122074
0.34157812237569285
0.3142547979124758
0.4179031158588885
0.23369979056108497
0.2682354520709793
0.24934565307310086
0.2838743286531552
0.3754959903555884
0.4241201467386782
0.3157956780377854
0.3037373033077827
0.1821437145968765
0.4823714601582888
0.4225164935007329
0.3715895611274851
0.34225454962749546
